Archive member included because of file (symbol)

f:/altera/13.0sp1/nios2eds/bin/gnu/h-i686-mingw32/bin/../lib/gcc/nios2-elf/4.1.2/../../../../nios2-elf/lib/mno-hw-mul\libm.a(lib_a-s_floor.o)
                              obj/default/Source/RuntimeFunctions.o (floor)
f:/altera/13.0sp1/nios2eds/bin/gnu/h-i686-mingw32/bin/../lib/gcc/nios2-elf/4.1.2/../../../../nios2-elf/lib/mno-hw-mul\libm.a(lib_a-s_sin.o)
                              obj/default/Source/RuntimeFunctions.o (sin)
f:/altera/13.0sp1/nios2eds/bin/gnu/h-i686-mingw32/bin/../lib/gcc/nios2-elf/4.1.2/../../../../nios2-elf/lib/mno-hw-mul\libm.a(lib_a-w_acos.o)
                              obj/default/Source/RuntimeFunctions.o (acos)
f:/altera/13.0sp1/nios2eds/bin/gnu/h-i686-mingw32/bin/../lib/gcc/nios2-elf/4.1.2/../../../../nios2-elf/lib/mno-hw-mul\libm.a(lib_a-w_asin.o)
                              obj/default/Source/RuntimeFunctions.o (asin)
f:/altera/13.0sp1/nios2eds/bin/gnu/h-i686-mingw32/bin/../lib/gcc/nios2-elf/4.1.2/../../../../nios2-elf/lib/mno-hw-mul\libm.a(lib_a-w_sqrt.o)
                              obj/default/Source/RuntimeFunctions.o (sqrt)
f:/altera/13.0sp1/nios2eds/bin/gnu/h-i686-mingw32/bin/../lib/gcc/nios2-elf/4.1.2/../../../../nios2-elf/lib/mno-hw-mul\libm.a(lib_a-e_acos.o)
                              f:/altera/13.0sp1/nios2eds/bin/gnu/h-i686-mingw32/bin/../lib/gcc/nios2-elf/4.1.2/../../../../nios2-elf/lib/mno-hw-mul\libm.a(lib_a-w_acos.o) (__ieee754_acos)
f:/altera/13.0sp1/nios2eds/bin/gnu/h-i686-mingw32/bin/../lib/gcc/nios2-elf/4.1.2/../../../../nios2-elf/lib/mno-hw-mul\libm.a(lib_a-e_asin.o)
                              f:/altera/13.0sp1/nios2eds/bin/gnu/h-i686-mingw32/bin/../lib/gcc/nios2-elf/4.1.2/../../../../nios2-elf/lib/mno-hw-mul\libm.a(lib_a-w_asin.o) (__ieee754_asin)
f:/altera/13.0sp1/nios2eds/bin/gnu/h-i686-mingw32/bin/../lib/gcc/nios2-elf/4.1.2/../../../../nios2-elf/lib/mno-hw-mul\libm.a(lib_a-e_rem_pio2.o)
                              f:/altera/13.0sp1/nios2eds/bin/gnu/h-i686-mingw32/bin/../lib/gcc/nios2-elf/4.1.2/../../../../nios2-elf/lib/mno-hw-mul\libm.a(lib_a-s_sin.o) (__ieee754_rem_pio2)
f:/altera/13.0sp1/nios2eds/bin/gnu/h-i686-mingw32/bin/../lib/gcc/nios2-elf/4.1.2/../../../../nios2-elf/lib/mno-hw-mul\libm.a(lib_a-e_sqrt.o)
                              f:/altera/13.0sp1/nios2eds/bin/gnu/h-i686-mingw32/bin/../lib/gcc/nios2-elf/4.1.2/../../../../nios2-elf/lib/mno-hw-mul\libm.a(lib_a-w_sqrt.o) (__ieee754_sqrt)
f:/altera/13.0sp1/nios2eds/bin/gnu/h-i686-mingw32/bin/../lib/gcc/nios2-elf/4.1.2/../../../../nios2-elf/lib/mno-hw-mul\libm.a(lib_a-k_cos.o)
                              f:/altera/13.0sp1/nios2eds/bin/gnu/h-i686-mingw32/bin/../lib/gcc/nios2-elf/4.1.2/../../../../nios2-elf/lib/mno-hw-mul\libm.a(lib_a-s_sin.o) (__kernel_cos)
f:/altera/13.0sp1/nios2eds/bin/gnu/h-i686-mingw32/bin/../lib/gcc/nios2-elf/4.1.2/../../../../nios2-elf/lib/mno-hw-mul\libm.a(lib_a-k_rem_pio2.o)
                              f:/altera/13.0sp1/nios2eds/bin/gnu/h-i686-mingw32/bin/../lib/gcc/nios2-elf/4.1.2/../../../../nios2-elf/lib/mno-hw-mul\libm.a(lib_a-e_rem_pio2.o) (__kernel_rem_pio2)
f:/altera/13.0sp1/nios2eds/bin/gnu/h-i686-mingw32/bin/../lib/gcc/nios2-elf/4.1.2/../../../../nios2-elf/lib/mno-hw-mul\libm.a(lib_a-k_sin.o)
                              f:/altera/13.0sp1/nios2eds/bin/gnu/h-i686-mingw32/bin/../lib/gcc/nios2-elf/4.1.2/../../../../nios2-elf/lib/mno-hw-mul\libm.a(lib_a-s_sin.o) (__kernel_sin)
f:/altera/13.0sp1/nios2eds/bin/gnu/h-i686-mingw32/bin/../lib/gcc/nios2-elf/4.1.2/../../../../nios2-elf/lib/mno-hw-mul\libm.a(lib_a-s_fabs.o)
                              f:/altera/13.0sp1/nios2eds/bin/gnu/h-i686-mingw32/bin/../lib/gcc/nios2-elf/4.1.2/../../../../nios2-elf/lib/mno-hw-mul\libm.a(lib_a-w_acos.o) (fabs)
f:/altera/13.0sp1/nios2eds/bin/gnu/h-i686-mingw32/bin/../lib/gcc/nios2-elf/4.1.2/../../../../nios2-elf/lib/mno-hw-mul\libm.a(lib_a-s_isnand.o)
                              f:/altera/13.0sp1/nios2eds/bin/gnu/h-i686-mingw32/bin/../lib/gcc/nios2-elf/4.1.2/../../../../nios2-elf/lib/mno-hw-mul\libm.a(lib_a-w_acos.o) (__isnand)
f:/altera/13.0sp1/nios2eds/bin/gnu/h-i686-mingw32/bin/../lib/gcc/nios2-elf/4.1.2/../../../../nios2-elf/lib/mno-hw-mul\libm.a(lib_a-s_lib_ver.o)
                              f:/altera/13.0sp1/nios2eds/bin/gnu/h-i686-mingw32/bin/../lib/gcc/nios2-elf/4.1.2/../../../../nios2-elf/lib/mno-hw-mul\libm.a(lib_a-w_acos.o) (__fdlib_version)
f:/altera/13.0sp1/nios2eds/bin/gnu/h-i686-mingw32/bin/../lib/gcc/nios2-elf/4.1.2/../../../../nios2-elf/lib/mno-hw-mul\libm.a(lib_a-s_matherr.o)
                              f:/altera/13.0sp1/nios2eds/bin/gnu/h-i686-mingw32/bin/../lib/gcc/nios2-elf/4.1.2/../../../../nios2-elf/lib/mno-hw-mul\libm.a(lib_a-w_acos.o) (matherr)
f:/altera/13.0sp1/nios2eds/bin/gnu/h-i686-mingw32/bin/../lib/gcc/nios2-elf/4.1.2/../../../../nios2-elf/lib/mno-hw-mul\libm.a(lib_a-s_nan.o)
[...]
Memory Configuration

Name             Origin             Length             Attributes
SSRAM            0x00000000         0x00200000
reset            0x00200000         0x00000020
RAM              0x00200020         0x00001fe0
*default*        0x00000000         0xffffffff

Linker script and memory map

LOAD ../SYSTEM_bsp//obj/HAL/src/crt0.o
LOAD obj/default/Source/LCD.o
LOAD obj/default/Source/RuntimeFunctions.o
LOAD obj/default/Source/config.o
LOAD obj/default/Source/main.o
LOAD obj/default/Source/tests.o
LOAD f:/altera/13.0sp1/nios2eds/bin/gnu/h-i686-mingw32/bin/../lib/gcc/nios2-elf/4.1.2/../../../../nios2-elf/lib/mno-hw-mul\libstdc++.a
LOAD f:/altera/13.0sp1/nios2eds/bin/gnu/h-i686-mingw32/bin/../lib/gcc/nios2-elf/4.1.2/../../../../nios2-elf/lib/mno-hw-mul\libm.a
LOAD f:/altera/13.0sp1/nios2eds/bin/gnu/h-i686-mingw32/bin/../lib/gcc/nios2-elf/4.1.2/mno-hw-mul\libgcc.a
START GROUP
LOAD f:/altera/13.0sp1/nios2eds/bin/gnu/h-i686-mingw32/bin/../lib/gcc/nios2-elf/4.1.2/../../../../nios2-elf/lib/mno-hw-mul\libc.a
LOAD f:/altera/13.0sp1/nios2eds/bin/gnu/h-i686-mingw32/bin/../lib/gcc/nios2-elf/4.1.2/mno-hw-mul\libgcc.a
LOAD ../SYSTEM_bsp/\libhal_bsp.a
END GROUP
LOAD f:/altera/13.0sp1/nios2eds/bin/gnu/h-i686-mingw32/bin/../lib/gcc/nios2-elf/4.1.2/mno-hw-mul\libgcc.a
                0x00000000                __alt_mem_SSRAM = 0x0
                0x00200000                __alt_mem_RAM = 0x200000

.entry          0x00200000       0x20
 *(.entry)
 .entry         0x00200000       0x20 ../SYSTEM_bsp//obj/HAL/src/crt0.o
                0x00200000                __reset

.exceptions     0x00200020      0x1a4 load address 0x00000000
                0x00200020                PROVIDE (__ram_exceptions_start, ABSOLUTE (.))
                0x00200020                . = ALIGN (0x20)
 *(.irq)
 *(.exceptions.entry.label)
 .exceptions.entry.label
                0x00200020        0x0 ../SYSTEM_bsp/\libhal_bsp.a(alt_irq_entry.o)
                0x00200020                alt_irq_entry
 .exceptions.entry.label
                0x00200020        0x0 ../SYSTEM_bsp/\libhal_bsp.a(alt_exception_entry.o)
                0x00200020                alt_exception
 *(.exceptions.entry.user)
 *(.exceptions.entry)
 .exceptions.entry
                0x00200020       0x58 ../SYSTEM_bsp/\libhal_bsp.a(alt_exception_entry.o)
 *(.exceptions.irqtest.user)
 *(.exceptions.irqtest)
 .exceptions.irqtest
                0x00200078       0x10 ../SYSTEM_bsp/\libhal_bsp.a(alt_irq_entry.o)
 *(.exceptions.irqhandler.user)
 *(.exceptions.irqhandler)
 .exceptions.irqhandler
                0x00200088        0x4 ../SYSTEM_bsp/\libhal_bsp.a(alt_irq_entry.o)
 *(.exceptions.irqreturn.user)
 *(.exceptions.irqreturn)
 .exceptions.irqreturn
                0x0020008c        0x4 ../SYSTEM_bsp/\libhal_bsp.a(alt_irq_entry.o)
 *(.exceptions.notirq.label)
 .exceptions.notirq.label
                0x00200090        0x0 ../SYSTEM_bsp/\libhal_bsp.a(alt_irq_entry.o)
 *(.exceptions.notirq.user)
 *(.exceptions.notirq)
 .exceptions.notirq
                0x00200090        0x8 ../SYSTEM_bsp/\libhal_bsp.a(alt_exception_entry.o)
 *(.exceptions.soft.user)
 *(.exceptions.soft)
 *(.exceptions.unknown.user)
 *(.exceptions.unknown)
 .exceptions.unknown
                0x00200098        0x4 ../SYSTEM_bsp/\libhal_bsp.a(alt_exception_entry.o)
 *(.exceptions.exit.label)
 .exceptions.exit.label
                0x0020009c        0x0 ../SYSTEM_bsp/\libhal_bsp.a(alt_irq_entry.o)
 .exceptions.exit.label
                0x0020009c        0x0 ../SYSTEM_bsp/\libhal_bsp.a(alt_exception_entry.o)
 *(.exceptions.exit.user)
 *(.exceptions.exit)
 .exceptions.exit
                0x0020009c       0x58 ../SYSTEM_bsp/\libhal_bsp.a(alt_exception_entry.o)
 *(.exceptions)
 .exceptions    0x002000f4       0xd0 ../SYSTEM_bsp/\libhal_bsp.a(alt_irq_handler.o)
                0x002000f4                alt_irq_handler
                0x002001c4                PROVIDE (__ram_exceptions_end, ABSOLUTE (.))
                0x00000000                PROVIDE (__flash_exceptions_start, LOADADDR (.exceptions))

.text           0x000001a4     0xe4f4
                0x000001a4                PROVIDE (stext, ABSOLUTE (.))
 *(.interp)
 *(.hash)
 *(.dynsym)
 *(.dynstr)
 *(.gnu.version)
 *(.gnu.version_d)
 *(.gnu.version_r)
 *(.rel.init)
 *(.rela.init)
 *(.rel.text .rel.text.* .rel.gnu.linkonce.t.*)
 *(.rela.text .rela.text.* .rela.gnu.linkonce.t.*)
 *(.rel.fini)
 *(.rela.fini)
 *(.rel.rodata .rel.rodata.* .rel.gnu.linkonce.r.*)
 *(.rela.rodata .rela.rodata.* .rela.gnu.linkonce.r.*)
 *(.rel.data .rel.data.* .rel.gnu.linkonce.d.*)
 *(.rela.data .rela.data.* .rela.gnu.linkonce.d.*)
 *(.rel.tdata .rel.tdata.* .rel.gnu.linkonce.td.*)
 *(.rela.tdata .rela.tdata.* .rela.gnu.linkonce.td.*)
 *(.rel.tbss .rel.tbss.* .rel.gnu.linkonce.tb.*)
 *(.rela.tbss .rela.tbss.* .rela.gnu.linkonce.tb.*)
 *(.rel.ctors)
 *(.rela.ctors)
 *(.rel.dtors)
 *(.rela.dtors)
 *(.rel.got)
 *(.rela.got)
 *(.rel.sdata .rel.sdata.* .rel.gnu.linkonce.s.*)
 *(.rela.sdata .rela.sdata.* .rela.gnu.linkonce.s.*)
 *(.rel.sbss .rel.sbss.* .rel.gnu.linkonce.sb.*)
 *(.rela.sbss .rela.sbss.* .rela.gnu.linkonce.sb.*)
 *(.rel.sdata2 .rel.sdata2.* .rel.gnu.linkonce.s2.*)
 *(.rela.sdata2 .rela.sdata2.* .rela.gnu.linkonce.s2.*)
 *(.rel.sbss2 .rel.sbss2.* .rel.gnu.linkonce.sb2.*)
 *(.rela.sbss2 .rela.sbss2.* .rela.gnu.linkonce.sb2.*)
 *(.rel.bss .rel.bss.* .rel.gnu.linkonce.b.*)
 *(.rela.bss .rela.bss.* .rela.gnu.linkonce.b.*)
 *(.rel.plt)
 *(.rela.plt)
 *(.rel.dyn)
 *(.init)
 *(.plt)
 *(.text .stub .text.* .gnu.linkonce.t.*)
 .text          0x000001a4       0x44 ../SYSTEM_bsp//obj/HAL/src/crt0.o
                0x000001a4                _start
 .text          0x000001e8      0x194 obj/default/Source/LCD.o
                0x000001e8                LCD_Init
                0x00000264                LCD_LineSel
                0x000002e0                LCD_Display
 .text          0x0000037c     0x2bec obj/default/Source/RuntimeFunctions.o
                0x0000037c                sampleChannels
                0x00001604                qInterp
                0x000018ec                Display_Results
                0x00001b54                find_constants
                0x00001e14                find_coordinates
                0x0000251c                convert_results
                0x00002834                find_denominator
                0x000029c0                determinant
                0x00002c14                transpose
                0x00002d08                matrix_multiply
                0x00002e54                float2int
 .text          0x00002f68      0xb84 obj/default/Source/config.o
                0x00002f68                init_ADC
                0x00003088                init_FIR
                0x0000319c                init_FIFO
                0x000032cc                init_TIMER
                0x00003398                init_DETECTOR
                0x00003824                init_SYSTEM
                0x00003a80                start_SYSTEM
 .text          0x00003aec       0x78 obj/default/Source/main.o
                0x00003aec                main
 .text          0x00003b64        0x0 obj/default/Source/tests.o
 .text          0x00003b64      0x224 f:/altera/13.0sp1/nios2eds/bin/gnu/h-i686-mingw32/bin/../lib/gcc/nios2-elf/4.1.2/../../../../nios2-elf/lib/mno-hw-mul\libm.a(lib_a-s_floor.o)
                0x00003b64                floor
 .text          0x00003d88      0x16c f:/altera/13.0sp1/nios2eds/bin/gnu/h-i686-mingw32/bin/../lib/gcc/nios2-elf/4.1.2/../../../../nios2-elf/lib/mno-hw-mul\libm.a(lib_a-s_sin.o)
                0x00003d88                sin
 .text          0x00003ef4      0x130 f:/altera/13.0sp1/nios2eds/bin/gnu/h-i686-mingw32/bin/../lib/gcc/nios2-elf/4.1.2/../../../../nios2-elf/lib/mno-hw-mul\libm.a(lib_a-w_acos.o)
                0x00003ef4                acos
 .text          0x00004024      0x130 f:/altera/13.0sp1/nios2eds/bin/gnu/h-i686-mingw32/bin/../lib/gcc/nios2-elf/4.1.2/../../../../nios2-elf/lib/mno-hw-mul\libm.a(lib_a-w_asin.o)
                0x00004024                asin
 .text          0x00004154      0x130 f:/altera/13.0sp1/nios2eds/bin/gnu/h-i686-mingw32/bin/../lib/gcc/nios2-elf/4.1.2/../../../../nios2-elf/lib/mno-hw-mul\libm.a(lib_a-w_sqrt.o)
                0x00004154                sqrt
 .text          0x00004284      0xa58 f:/altera/13.0sp1/nios2eds/bin/gnu/h-i686-mingw32/bin/../lib/gcc/nios2-elf/4.1.2/../../../../nios2-elf/lib/mno-hw-mul\libm.a(lib_a-e_acos.o)
                0x00004284                __ieee754_acos
 .text          0x00004cdc      0x8bc f:/altera/13.0sp1/nios2eds/bin/gnu/h-i686-mingw32/bin/../lib/gcc/nios2-elf/4.1.2/../../../../nios2-elf/lib/mno-hw-mul\libm.a(lib_a-e_asin.o)
                0x00004cdc                __ieee754_asin
 .text          0x00005598      0x828 f:/altera/13.0sp1/nios2eds/bin/gnu/h-i686-mingw32/bin/../lib/gcc/nios2-elf/4.1.2/../../../../nios2-elf/lib/mno-hw-mul\libm.a(lib_a-e_rem_pio2.o)
                0x00005598                __ieee754_rem_pio2
 .text          0x00005dc0      0x2c8 f:/altera/13.0sp1/nios2eds/bin/gnu/h-i686-mingw32/bin/../lib/gcc/nios2-elf/4.1.2/../../../../nios2-elf/lib/mno-hw-mul\libm.a(lib_a-e_sqrt.o)
                0x00005dc0                __ieee754_sqrt
 .text          0x00006088      0x52c f:/altera/13.0sp1/nios2eds/bin/gnu/h-i686-mingw32/bin/../lib/gcc/nios2-elf/4.1.2/../../../../nios2-elf/lib/mno-hw-mul\libm.a(lib_a-k_cos.o)
                0x00006088                __kernel_cos
 .text          0x000065b4      0xe84 f:/altera/13.0sp1/nios2eds/bin/gnu/h-i686-mingw32/bin/../lib/gcc/nios2-elf/4.1.2/../../../../nios2-elf/lib/mno-hw-mul\libm.a(lib_a-k_rem_pio2.o)
                0x000065b4                __kernel_rem_pio2
 .text          0x00007438      0x318 f:/altera/13.0sp1/nios2eds/bin/gnu/h-i686-mingw32/bin/../lib/gcc/nios2-elf/4.1.2/../../../../nios2-elf/lib/mno-hw-mul\libm.a(lib_a-k_sin.o)
                0x00007438                __kernel_sin
 .text          0x00007750       0x18 f:/altera/13.0sp1/nios2eds/bin/gnu/h-i686-mingw32/bin/../lib/gcc/nios2-elf/4.1.2/../../../../nios2-elf/lib/mno-hw-mul\libm.a(lib_a-s_fabs.o)
                0x00007750                fabs
 .text          0x00007768       0x30 f:/altera/13.0sp1/nios2eds/bin/gnu/h-i686-mingw32/bin/../lib/gcc/nios2-elf/4.1.2/../../../../nios2-elf/lib/mno-hw-mul\libm.a(lib_a-s_isnand.o)
                0x00007768                __isnand
 .text          0x00007798        0x0 f:/altera/13.0sp1/nios2eds/bin/gnu/h-i686-mingw32/bin/../lib/gcc/nios2-elf/4.1.2/../../../../nios2-elf/lib/mno-hw-mul\libm.a(lib_a-s_lib_ver.o)
 .text          0x00007798        0x8 f:/altera/13.0sp1/nios2eds/bin/gnu/h-i686-mingw32/bin/../lib/gcc/nios2-elf/4.1.2/../../../../nios2-elf/lib/mno-hw-mul\libm.a(lib_a-s_matherr.o)
                0x00007798                matherr
 .text          0x000077a0       0x10 f:/altera/13.0sp1/nios2eds/bin/gnu/h-i686-mingw32/bin/../lib/gcc/nios2-elf/4.1.2/../../../../nios2-elf/lib/mno-hw-mul\libm.a(lib_a-s_nan.o)
                0x000077a0                nan
 .text          0x000077b0      0x1e0 f:/altera/13.0sp1/nios2eds/bin/gnu/h-i686-mingw32/bin/../lib/gcc/nios2-elf/4.1.2/../../../../nios2-elf/lib/mno-hw-mul\libm.a(lib_a-s_scalbn.o)
                0x000077b0                scalbn
 .text          0x00007990       0x24 f:/altera/13.0sp1/nios2eds/bin/gnu/h-i686-mingw32/bin/../lib/gcc/nios2-elf/4.1.2/../../../../nios2-elf/lib/mno-hw-mul\libm.a(lib_a-s_copysign.o)
                0x00007990                copysign
 .text          0x000079b4      0x124 f:/altera/13.0sp1/nios2eds/bin/gnu/h-i686-mingw32/bin/../lib/gcc/nios2-elf/4.1.2/mno-hw-mul\libgcc.a(_muldi3.o)
                0x000079b4                __muldi3
 .text          0x00007ad8       0x60 f:/altera/13.0sp1/nios2eds/bin/gnu/h-i686-mingw32/bin/../lib/gcc/nios2-elf/4.1.2/mno-hw-mul\libgcc.a(_fixsfdi.o)
                0x00007ad8                __fixsfdi
 .text          0x00007b38       0xd8 f:/altera/13.0sp1/nios2eds/bin/gnu/h-i686-mingw32/bin/../lib/gcc/nios2-elf/4.1.2/mno-hw-mul\libgcc.a(_fixunssfdi.o)
                0x00007b38                __fixunssfdi
 .text          0x00007c10       0xe0 f:/altera/13.0sp1/nios2eds/bin/gnu/h-i686-mingw32/bin/../lib/gcc/nios2-elf/4.1.2/mno-hw-mul\libgcc.a(_floatdisf.o)
                0x00007c10                __floatdisf
 .text          0x00007cf0       0xb8 f:/altera/13.0sp1/nios2eds/bin/gnu/h-i686-mingw32/bin/../lib/gcc/nios2-elf/4.1.2/mno-hw-mul\libgcc.a(_floatundisf.o)
                0x00007cf0                __floatundisf
 .text          0x00007da8       0x88 f:/altera/13.0sp1/nios2eds/bin/gnu/h-i686-mingw32/bin/../lib/gcc/nios2-elf/4.1.2/mno-hw-mul\libgcc.a(_floatundidf.o)
                0x00007da8                __floatundidf
 .text          0x00007e30      0x718 f:/altera/13.0sp1/nios2eds/bin/gnu/h-i686-mingw32/bin/../lib/gcc/nios2-elf/4.1.2/mno-hw-mul\libgcc.a(_divdi3.o)
                0x00007e30                __divdi3
 .text          0x00008548      0x66c f:/altera/13.0sp1/nios2eds/bin/gnu/h-i686-mingw32/bin/../lib/gcc/nios2-elf/4.1.2/mno-hw-mul\libgcc.a(_udivdi3.o)
                0x00008548                __udivdi3
 .text          0x00008bb4      0x2b8 f:/altera/13.0sp1/nios2eds/bin/gnu/h-i686-mingw32/bin/../lib/gcc/nios2-elf/4.1.2/mno-hw-mul\libgcc.a(_addsub_sf.o)
                0x00008d98                __subsf3
                0x00008e08                __addsf3
 .text          0x00008e6c      0x1e0 f:/altera/13.0sp1/nios2eds/bin/gnu/h-i686-mingw32/bin/../lib/gcc/nios2-elf/4.1.2/mno-hw-mul\libgcc.a(_mul_sf.o)
                0x00008e6c                __mulsf3
 .text          0x0000904c      0x174 f:/altera/13.0sp1/nios2eds/bin/gnu/h-i686-mingw32/bin/../lib/gcc/nios2-elf/4.1.2/mno-hw-mul\libgcc.a(_div_sf.o)
                0x0000904c                __divsf3
 .text          0x000091c0       0x78 f:/altera/13.0sp1/nios2eds/bin/gnu/h-i686-mingw32/bin/../lib/gcc/nios2-elf/4.1.2/mno-hw-mul\libgcc.a(_eq_sf.o)
                0x000091c0                __eqsf2
 .text          0x00009238       0x78 f:/altera/13.0sp1/nios2eds/bin/gnu/h-i686-mingw32/bin/../lib/gcc/nios2-elf/4.1.2/mno-hw-mul\libgcc.a(_gt_sf.o)
                0x00009238                __gtsf2
 .text          0x000092b0       0x78 f:/altera/13.0sp1/nios2eds/bin/gnu/h-i686-mingw32/bin/../lib/gcc/nios2-elf/4.1.2/mno-hw-mul\libgcc.a(_lt_sf.o)
                0x000092b0                __ltsf2
 .text          0x00009328       0x98 f:/altera/13.0sp1/nios2eds/bin/gnu/h-i686-mingw32/bin/../lib/gcc/nios2-elf/4.1.2/mno-hw-mul\libgcc.a(_si_to_sf.o)
                0x00009328                __floatsisf
 .text          0x000093c0       0x54 f:/altera/13.0sp1/nios2eds/bin/gnu/h-i686-mingw32/bin/../lib/gcc/nios2-elf/4.1.2/mno-hw-mul\libgcc.a(_sf_to_df.o)
                0x000093c0                __extendsfdf2
 .text          0x00009414        0x0 f:/altera/13.0sp1/nios2eds/bin/gnu/h-i686-mingw32/bin/../lib/gcc/nios2-elf/4.1.2/mno-hw-mul\libgcc.a(_thenan_sf.o)
 .text          0x00009414      0x504 f:/altera/13.0sp1/nios2eds/bin/gnu/h-i686-mingw32/bin/../lib/gcc/nios2-elf/4.1.2/mno-hw-mul\libgcc.a(_addsub_df.o)
                0x00009824                __subdf3
                0x000098a4                __adddf3
 .text          0x00009918      0x3c4 f:/altera/13.0sp1/nios2eds/bin/gnu/h-i686-mingw32/bin/../lib/gcc/nios2-elf/4.1.2/mno-hw-mul\libgcc.a(_mul_df.o)
                0x00009918                __muldf3
 .text          0x00009cdc      0x258 f:/altera/13.0sp1/nios2eds/bin/gnu/h-i686-mingw32/bin/../lib/gcc/nios2-elf/4.1.2/mno-hw-mul\libgcc.a(_div_df.o)
                0x00009cdc                __divdf3
 .text          0x00009f34       0x88 f:/altera/13.0sp1/nios2eds/bin/gnu/h-i686-mingw32/bin/../lib/gcc/nios2-elf/4.1.2/mno-hw-mul\libgcc.a(_eq_df.o)
                0x00009f34                __eqdf2
 .text          0x00009fbc       0x88 f:/altera/13.0sp1/nios2eds/bin/gnu/h-i686-mingw32/bin/../lib/gcc/nios2-elf/4.1.2/mno-hw-mul\libgcc.a(_gt_df.o)
                0x00009fbc                __gtdf2
 .text          0x0000a044       0x88 f:/altera/13.0sp1/nios2eds/bin/gnu/h-i686-mingw32/bin/../lib/gcc/nios2-elf/4.1.2/mno-hw-mul\libgcc.a(_ge_df.o)
                0x0000a044                __gedf2
 .text          0x0000a0cc       0x88 f:/altera/13.0sp1/nios2eds/bin/gnu/h-i686-mingw32/bin/../lib/gcc/nios2-elf/4.1.2/mno-hw-mul\libgcc.a(_lt_df.o)
                0x0000a0cc                __ltdf2
 .text          0x0000a154       0xf8 f:/altera/13.0sp1/nios2eds/bin/gnu/h-i686-mingw32/bin/../lib/gcc/nios2-elf/4.1.2/mno-hw-mul\libgcc.a(_si_to_df.o)
                0x0000a154                __floatsidf
 .text          0x0000a24c       0xd8 f:/altera/13.0sp1/nios2eds/bin/gnu/h-i686-mingw32/bin/../lib/gcc/nios2-elf/4.1.2/mno-hw-mul\libgcc.a(_df_to_si.o)
                0x0000a24c                __fixdfsi
 .text          0x0000a324       0x38 f:/altera/13.0sp1/nios2eds/bin/gnu/h-i686-mingw32/bin/../lib/gcc/nios2-elf/4.1.2/mno-hw-mul\libgcc.a(_make_df.o)
                0x0000a324                __make_dp
 .text          0x0000a35c       0x74 f:/altera/13.0sp1/nios2eds/bin/gnu/h-i686-mingw32/bin/../lib/gcc/nios2-elf/4.1.2/mno-hw-mul\libgcc.a(_df_to_sf.o)
                0x0000a35c                __truncdfsf2
 .text          0x0000a3d0        0x0 f:/altera/13.0sp1/nios2eds/bin/gnu/h-i686-mingw32/bin/../lib/gcc/nios2-elf/4.1.2/mno-hw-mul\libgcc.a(_thenan_df.o)
 .text          0x0000a3d0      0x194 f:/altera/13.0sp1/nios2eds/bin/gnu/h-i686-mingw32/bin/../lib/gcc/nios2-elf/4.1.2/mno-hw-mul\libgcc.a(_usi_to_df.o)
                0x0000a3d0                __floatunsidf
 .text          0x0000a564      0x14c f:/altera/13.0sp1/nios2eds/bin/gnu/h-i686-mingw32/bin/../lib/gcc/nios2-elf/4.1.2/mno-hw-mul\libgcc.a(lib2-divmod.o)
                0x0000a5e0                __divsi3
                0x0000a640                __modsi3
                0x0000a6a0                __udivsi3
                0x0000a6a8                __umodsi3
 .text          0x0000a6b0       0x38 f:/altera/13.0sp1/nios2eds/bin/gnu/h-i686-mingw32/bin/../lib/gcc/nios2-elf/4.1.2/mno-hw-mul\libgcc.a(lib2-mul.o)
                0x0000a6b0                __mulsi3
 .text          0x0000a6e8        0x0 f:/altera/13.0sp1/nios2eds/bin/gnu/h-i686-mingw32/bin/../lib/gcc/nios2-elf/4.1.2/mno-hw-mul\libgcc.a(_clz.o)
 .text          0x0000a6e8       0x80 f:/altera/13.0sp1/nios2eds/bin/gnu/h-i686-mingw32/bin/../lib/gcc/nios2-elf/4.1.2/mno-hw-mul\libgcc.a(_clzsi2.o)
                0x0000a6e8                __clzsi2
 .text          0x0000a768       0xa4 f:/altera/13.0sp1/nios2eds/bin/gnu/h-i686-mingw32/bin/../lib/gcc/nios2-elf/4.1.2/mno-hw-mul\libgcc.a(_fixunsdfsi.o)
                0x0000a768                __fixunsdfsi
 .text          0x0000a80c      0x160 f:/altera/13.0sp1/nios2eds/bin/gnu/h-i686-mingw32/bin/../lib/gcc/nios2-elf/4.1.2/mno-hw-mul\libgcc.a(_pack_sf.o)
                0x0000a80c                __pack_f
 .text          0x0000a96c       0xc8 f:/altera/13.0sp1/nios2eds/bin/gnu/h-i686-mingw32/bin/../lib/gcc/nios2-elf/4.1.2/mno-hw-mul\libgcc.a(_unpack_sf.o)
                0x0000a96c                __unpack_f
 .text          0x0000aa34       0xa8 f:/altera/13.0sp1/nios2eds/bin/gnu/h-i686-mingw32/bin/../lib/gcc/nios2-elf/4.1.2/mno-hw-mul\libgcc.a(_fpcmp_parts_sf.o)
                0x0000aa34                __fpcmp_parts_f
 .text          0x0000aadc       0x2c f:/altera/13.0sp1/nios2eds/bin/gnu/h-i686-mingw32/bin/../lib/gcc/nios2-elf/4.1.2/mno-hw-mul\libgcc.a(_make_sf.o)
                0x0000aadc                __make_fp
 .text          0x0000ab08      0x314 f:/altera/13.0sp1/nios2eds/bin/gnu/h-i686-mingw32/bin/../lib/gcc/nios2-elf/4.1.2/mno-hw-mul\libgcc.a(_pack_df.o)
                0x0000ab08                __pack_d
 .text          0x0000ae1c      0x138 f:/altera/13.0sp1/nios2eds/bin/gnu/h-i686-mingw32/bin/../lib/gcc/nios2-elf/4.1.2/mno-hw-mul\libgcc.a(_unpack_df.o)
                0x0000ae1c                __unpack_d
 .text          0x0000af54       0xc8 f:/altera/13.0sp1/nios2eds/bin/gnu/h-i686-mingw32/bin/../lib/gcc/nios2-elf/4.1.2/mno-hw-mul\libgcc.a(_fpcmp_parts_df.o)
                0x0000af54                __fpcmp_parts_d
 .text          0x0000b01c       0x10 f:/altera/13.0sp1/nios2eds/bin/gnu/h-i686-mingw32/bin/../lib/gcc/nios2-elf/4.1.2/../../../../nios2-elf/lib/mno-hw-mul\libc.a(lib_a-errno.o)
                0x0000b01c                __errno
 .text          0x0000b02c        0x0 f:/altera/13.0sp1/nios2eds/bin/gnu/h-i686-mingw32/bin/../lib/gcc/nios2-elf/4.1.2/../../../../nios2-elf/lib/mno-hw-mul\libc.a(lib_a-impure.o)
 .text          0x0000b02c       0x74 f:/altera/13.0sp1/nios2eds/bin/gnu/h-i686-mingw32/bin/../lib/gcc/nios2-elf/4.1.2/../../../../nios2-elf/lib/mno-hw-mul\libc.a(lib_a-strlen.o)
                0x0000b02c                strlen
 .text          0x0000b0a0       0xfc ../SYSTEM_bsp/\libhal_bsp.a(alt_load.o)
                0x0000b0a0                alt_load
 .text          0x0000b19c       0x74 ../SYSTEM_bsp/\libhal_bsp.a(alt_main.o)
                0x0000b19c                alt_main
 .text          0x0000b210       0x38 ../SYSTEM_bsp/\libhal_bsp.a(alt_usleep.o)
                0x0000b210                usleep
 .text          0x0000b248       0xe0 ../SYSTEM_bsp/\libhal_bsp.a(alt_sys_init.o)
                0x0000b248                alt_irq_init
                0x0000b284                alt_sys_init
 .text          0x0000b328      0x168 ../SYSTEM_bsp/\libhal_bsp.a(altera_avalon_jtag_uart_fd.o)
                0x0000b328                altera_avalon_jtag_uart_read_fd
                0x0000b388                altera_avalon_jtag_uart_write_fd
                0x0000b3e8                altera_avalon_jtag_uart_close_fd
                0x0000b438                altera_avalon_jtag_uart_ioctl_fd
 .text          0x0000b490      0x42c ../SYSTEM_bsp/\libhal_bsp.a(altera_avalon_jtag_uart_init.o)
                0x0000b490                altera_avalon_jtag_uart_init
                0x0000b840                altera_avalon_jtag_uart_close
 .text          0x0000b8bc       0xfc ../SYSTEM_bsp/\libhal_bsp.a(altera_avalon_jtag_uart_ioctl.o)
                0x0000b8bc                altera_avalon_jtag_uart_ioctl
 .text          0x0000b9b8      0x22c ../SYSTEM_bsp/\libhal_bsp.a(altera_avalon_jtag_uart_read.o)
                0x0000b9b8                altera_avalon_jtag_uart_read
 .text          0x0000bbe4      0x248 ../SYSTEM_bsp/\libhal_bsp.a(altera_avalon_jtag_uart_write.o)
                0x0000bbe4                altera_avalon_jtag_uart_write
 .text          0x0000be2c      0xfc8 ../SYSTEM_bsp/\libhal_bsp.a(altera_avalon_lcd_16207.o)
                0x0000c698                altera_avalon_lcd_16207_write
                0x0000ccb0                altera_avalon_lcd_16207_init
 .text          0x0000cdf4       0x60 ../SYSTEM_bsp/\libhal_bsp.a(altera_avalon_lcd_16207_fd.o)
                0x0000cdf4                altera_avalon_lcd_16207_write_fd
 .text          0x0000ce54      0x15c ../SYSTEM_bsp/\libhal_bsp.a(alt_alarm_start.o)
                0x0000ce54                alt_alarm_start
 .text          0x0000cfb0      0x164 ../SYSTEM_bsp/\libhal_bsp.a(alt_busy_sleep.o)
                0x0000cfb0                alt_busy_sleep
 .text          0x0000d114      0x170 ../SYSTEM_bsp/\libhal_bsp.a(alt_close.o)
                0x0000d114                close
 .text          0x0000d284       0x24 ../SYSTEM_bsp/\libhal_bsp.a(alt_dcache_flush_all.o)
                0x0000d284                alt_dcache_flush_all
 .text          0x0000d2a8       0x34 ../SYSTEM_bsp/\libhal_bsp.a(alt_dev.o)
 .text          0x0000d2dc      0x124 ../SYSTEM_bsp/\libhal_bsp.a(alt_dev_llist_insert.o)
                0x0000d2dc                alt_dev_llist_insert
 .text          0x0000d400       0x6c ../SYSTEM_bsp/\libhal_bsp.a(alt_do_ctors.o)
                0x0000d400                _do_ctors
 .text          0x0000d46c       0x6c ../SYSTEM_bsp/\libhal_bsp.a(alt_do_dtors.o)
                0x0000d46c                _do_dtors
 .text          0x0000d4d8        0x0 ../SYSTEM_bsp/\libhal_bsp.a(alt_errno.o)
 .text          0x0000d4d8       0x24 ../SYSTEM_bsp/\libhal_bsp.a(alt_icache_flush_all.o)
                0x0000d4d8                alt_icache_flush_all
 .text          0x0000d4fc      0x1f4 ../SYSTEM_bsp/\libhal_bsp.a(alt_iic.o)
                0x0000d4fc                alt_ic_isr_register
                0x0000d554                alt_ic_irq_enable
                0x0000d5f8                alt_ic_irq_disable
                0x0000d6a0                alt_ic_irq_enabled
 .text          0x0000d6f0      0x100 ../SYSTEM_bsp/\libhal_bsp.a(alt_iic_isr_register.o)
                0x0000d6f0                alt_iic_isr_register
 .text          0x0000d7f0      0x160 ../SYSTEM_bsp/\libhal_bsp.a(alt_io_redirect.o)
                0x0000d8d0                alt_io_redirect
 .text          0x0000d950        0x0 ../SYSTEM_bsp/\libhal_bsp.a(alt_irq_entry.o)
 .text          0x0000d950        0x0 ../SYSTEM_bsp/\libhal_bsp.a(alt_irq_handler.o)
 .text          0x0000d950        0x0 ../SYSTEM_bsp/\libhal_bsp.a(alt_irq_vars.o)
 .text          0x0000d950      0x2fc ../SYSTEM_bsp/\libhal_bsp.a(alt_open.o)
                0x0000da50                open
 .text          0x0000dc4c       0x80 ../SYSTEM_bsp/\libhal_bsp.a(alt_release_fd.o)
                0x0000dc4c                alt_release_fd
 .text          0x0000dccc      0x1b4 ../SYSTEM_bsp/\libhal_bsp.a(alt_tick.o)
                0x0000dccc                alt_alarm_stop
                0x0000dd6c                alt_tick
 .text          0x0000de80       0x28 ../SYSTEM_bsp/\libhal_bsp.a(altera_nios2_qsys_irq.o)
                0x0000de80                altera_nios2_qsys_irq_init
 .text          0x0000dea8        0x0 ../SYSTEM_bsp/\libhal_bsp.a(alt_exception_entry.o)
 .text          0x0000dea8       0x9c ../SYSTEM_bsp/\libhal_bsp.a(alt_find_dev.o)
                0x0000dea8                alt_find_dev
 .text          0x0000df44      0x128 ../SYSTEM_bsp/\libhal_bsp.a(alt_find_file.o)
                0x0000df44                alt_find_file
 .text          0x0000e06c       0xd8 ../SYSTEM_bsp/\libhal_bsp.a(alt_get_fd.o)
                0x0000e06c                alt_get_fd
 .text          0x0000e144       0x14 f:/altera/13.0sp1/nios2eds/bin/gnu/h-i686-mingw32/bin/../lib/gcc/nios2-elf/4.1.2/../../../../nios2-elf/lib/mno-hw-mul\libc.a(lib_a-atexit.o)
                0x0000e144                atexit
 .text          0x0000e158        0x0 f:/altera/13.0sp1/nios2eds/bin/gnu/h-i686-mingw32/bin/../lib/gcc/nios2-elf/4.1.2/../../../../nios2-elf/lib/mno-hw-mul\libc.a(lib_a-ctype_.o)
 .text          0x0000e158       0x38 f:/altera/13.0sp1/nios2eds/bin/gnu/h-i686-mingw32/bin/../lib/gcc/nios2-elf/4.1.2/../../../../nios2-elf/lib/mno-hw-mul\libc.a(lib_a-exit.o)
                0x0000e158                exit
 .text          0x0000e190        0x0 f:/altera/13.0sp1/nios2eds/bin/gnu/h-i686-mingw32/bin/../lib/gcc/nios2-elf/4.1.2/../../../../nios2-elf/lib/mno-hw-mul\libc.a(lib_a-int_errno.o)
 .text          0x0000e190       0x74 f:/altera/13.0sp1/nios2eds/bin/gnu/h-i686-mingw32/bin/../lib/gcc/nios2-elf/4.1.2/../../../../nios2-elf/lib/mno-hw-mul\libc.a(lib_a-memcmp.o)
                0x0000e190                memcmp
 .text          0x0000e204       0xa0 f:/altera/13.0sp1/nios2eds/bin/gnu/h-i686-mingw32/bin/../lib/gcc/nios2-elf/4.1.2/../../../../nios2-elf/lib/mno-hw-mul\libc.a(lib_a-memcpy.o)
                0x0000e204                memcpy
 .text          0x0000e2a4       0x98 f:/altera/13.0sp1/nios2eds/bin/gnu/h-i686-mingw32/bin/../lib/gcc/nios2-elf/4.1.2/../../../../nios2-elf/lib/mno-hw-mul\libc.a(lib_a-memset.o)
                0x0000e2a4                memset
 .text          0x0000e33c      0x134 f:/altera/13.0sp1/nios2eds/bin/gnu/h-i686-mingw32/bin/../lib/gcc/nios2-elf/4.1.2/../../../../nios2-elf/lib/mno-hw-mul\libc.a(lib_a-__atexit.o)
                0x0000e33c                __register_exitproc
 .text          0x0000e470      0x1b4 f:/altera/13.0sp1/nios2eds/bin/gnu/h-i686-mingw32/bin/../lib/gcc/nios2-elf/4.1.2/../../../../nios2-elf/lib/mno-hw-mul\libc.a(lib_a-__call_atexit.o)
                0x0000e474                __call_exitprocs
 .text          0x0000e624       0x70 ../SYSTEM_bsp/\libhal_bsp.a(alt_exit.o)
                0x0000e66c                _exit
 *(.gnu.warning.*)
 *(.fini)
                0x0000e694                PROVIDE (__etext, ABSOLUTE (.))
                0x0000e694                PROVIDE (_etext, ABSOLUTE (.))
                0x0000e694                PROVIDE (etext, ABSOLUTE (.))
 *(.eh_frame_hdr)
                0x0000e694                . = ALIGN (0x4)
                0x0000e694                PROVIDE (__preinit_array_start, ABSOLUTE (.))
 *(.preinit_array)
                0x0000e694                PROVIDE (__preinit_array_end, ABSOLUTE (.))
                0x0000e694                PROVIDE (__init_array_start, ABSOLUTE (.))
 *(.init_array)
                0x0000e694                PROVIDE (__init_array_end, ABSOLUTE (.))
                0x0000e694                PROVIDE (__fini_array_start, ABSOLUTE (.))
 *(.fini_array)
                0x0000e694                PROVIDE (__fini_array_end, ABSOLUTE (.))
 *(.eh_frame)
 *(.gcc_except_table)
 *(.dynamic)
                0x0000e694                PROVIDE (__CTOR_LIST__, ABSOLUTE (.))
 *(.ctors)
 *(SORT(.ctors.*))
 .ctors.65535   0x0000e694        0x4 f:/altera/13.0sp1/nios2eds/bin/gnu/h-i686-mingw32/bin/../lib/gcc/nios2-elf/4.1.2/../../../../nios2-elf/lib/mno-hw-mul\libc.a(lib_a-__call_atexit.o)
                0x0000e698                PROVIDE (__CTOR_END__, ABSOLUTE (.))
                0x0000e698                PROVIDE (__DTOR_LIST__, ABSOLUTE (.))
 *(.dtors)
 *(SORT(.dtors.*))
                0x0000e698                PROVIDE (__DTOR_END__, ABSOLUTE (.))
 *(.jcr)
                0x0000e698                . = ALIGN (0x4)

.rodata         0x0000e698      0x63c
                0x0000e698                PROVIDE (__ram_rodata_start, ABSOLUTE (.))
                0x0000e698                . = ALIGN (0x4)
 *(.rodata .rodata.* .gnu.linkonce.r.*)
 .rodata        0x0000e698       0x68 obj/default/Source/config.o
 .rodata.str1.4
                0x0000e700        0x5 f:/altera/13.0sp1/nios2eds/bin/gnu/h-i686-mingw32/bin/../lib/gcc/nios2-elf/4.1.2/../../../../nios2-elf/lib/mno-hw-mul\libm.a(lib_a-w_acos.o)
                                  0xc (size before relaxing)
 *fill*         0x0000e705        0x3 00
 .rodata.str1.4
                0x0000e708        0x5 f:/altera/13.0sp1/nios2eds/bin/gnu/h-i686-mingw32/bin/../lib/gcc/nios2-elf/4.1.2/../../../../nios2-elf/lib/mno-hw-mul\libm.a(lib_a-w_asin.o)
                                  0xc (size before relaxing)
 *fill*         0x0000e70d        0x3 00
 .rodata.str1.4
                0x0000e710        0x5 f:/altera/13.0sp1/nios2eds/bin/gnu/h-i686-mingw32/bin/../lib/gcc/nios2-elf/4.1.2/../../../../nios2-elf/lib/mno-hw-mul\libm.a(lib_a-w_sqrt.o)
                                  0x8 (size before relaxing)
 *fill*         0x0000e715        0x3 00
 .rodata        0x0000e718      0x188 f:/altera/13.0sp1/nios2eds/bin/gnu/h-i686-mingw32/bin/../lib/gcc/nios2-elf/4.1.2/../../../../nios2-elf/lib/mno-hw-mul\libm.a(lib_a-e_rem_pio2.o)
 .rodata        0x0000e8a0       0x50 f:/altera/13.0sp1/nios2eds/bin/gnu/h-i686-mingw32/bin/../lib/gcc/nios2-elf/4.1.2/../../../../nios2-elf/lib/mno-hw-mul\libm.a(lib_a-k_rem_pio2.o)
 .rodata        0x0000e8f0       0x10 f:/altera/13.0sp1/nios2eds/bin/gnu/h-i686-mingw32/bin/../lib/gcc/nios2-elf/4.1.2/mno-hw-mul\libgcc.a(_thenan_sf.o)
                0x0000e8f0                __thenan_sf
 .rodata        0x0000e900       0x14 f:/altera/13.0sp1/nios2eds/bin/gnu/h-i686-mingw32/bin/../lib/gcc/nios2-elf/4.1.2/mno-hw-mul\libgcc.a(_thenan_df.o)
                0x0000e900                __thenan_df
 .rodata        0x0000e914      0x100 f:/altera/13.0sp1/nios2eds/bin/gnu/h-i686-mingw32/bin/../lib/gcc/nios2-elf/4.1.2/mno-hw-mul\libgcc.a(_clz.o)
                0x0000e914                __clz_tab
 .rodata.str1.4
                0x0000ea14        0x4 f:/altera/13.0sp1/nios2eds/bin/gnu/h-i686-mingw32/bin/../lib/gcc/nios2-elf/4.1.2/../../../../nios2-elf/lib/mno-hw-mul\libc.a(lib_a-impure.o)
 .rodata        0x0000ea18       0x10 ../SYSTEM_bsp/\libhal_bsp.a(alt_main.o)
 .rodata        0x0000ea28       0x1c ../SYSTEM_bsp/\libhal_bsp.a(alt_sys_init.o)
 .rodata        0x0000ea44        0xc ../SYSTEM_bsp/\libhal_bsp.a(alt_dev.o)
 .rodata        0x0000ea50      0x281 f:/altera/13.0sp1/nios2eds/bin/gnu/h-i686-mingw32/bin/../lib/gcc/nios2-elf/4.1.2/../../../../nios2-elf/lib/mno-hw-mul\libc.a(lib_a-ctype_.o)
                0x0000ea50                _ctype_
 *(.rodata1)
                0x0000ecd4                . = ALIGN (0x4)
 *fill*         0x0000ecd1        0x3 00
                0x0000ecd4                PROVIDE (__ram_rodata_end, ABSOLUTE (.))
                0x0000e698                PROVIDE (__flash_rodata_start, LOADADDR (.rodata))

.rwdata         0x0000ecd4     0x1924 load address 0x000105f8
                0x0000ecd4                PROVIDE (__ram_rwdata_start, ABSOLUTE (.))
                0x0000ecd4                . = ALIGN (0x4)
 *(.got.plt)
 *(.got)
 *(.data1)
 *(.data .data.* .gnu.linkonce.d.*)
 .data          0x0000ecd4        0x0 ../SYSTEM_bsp//obj/HAL/src/crt0.o
 .data          0x0000ecd4       0x18 obj/default/Source/LCD.o
                0x0000ecd4                LCD_CMD
 .data          0x0000ecec        0x0 obj/default/Source/RuntimeFunctions.o
 .data          0x0000ecec       0x20 obj/default/Source/config.o
                0x0000ecec                line1
                0x0000ecfc                line2
 .data          0x0000ed0c        0x0 obj/default/Source/main.o
 .data          0x0000ed0c        0x0 obj/default/Source/tests.o
 .data          0x0000ed0c        0x0 f:/altera/13.0sp1/nios2eds/bin/gnu/h-i686-mingw32/bin/../lib/gcc/nios2-elf/4.1.2/../../../../nios2-elf/lib/mno-hw-mul\libm.a(lib_a-s_floor.o)
 .data          0x0000ed0c        0x0 f:/altera/13.0sp1/nios2eds/bin/gnu/h-i686-mingw32/bin/../lib/gcc/nios2-elf/4.1.2/../../../../nios2-elf/lib/mno-hw-mul\libm.a(lib_a-s_sin.o)
 .data          0x0000ed0c        0x0 f:/altera/13.0sp1/nios2eds/bin/gnu/h-i686-mingw32/bin/../lib/gcc/nios2-elf/4.1.2/../../../../nios2-elf/lib/mno-hw-mul\libm.a(lib_a-w_acos.o)
 .data          0x0000ed0c        0x0 f:/altera/13.0sp1/nios2eds/bin/gnu/h-i686-mingw32/bin/../lib/gcc/nios2-elf/4.1.2/../../../../nios2-elf/lib/mno-hw-mul\libm.a(lib_a-w_asin.o)
 .data          0x0000ed0c        0x0 f:/altera/13.0sp1/nios2eds/bin/gnu/h-i686-mingw32/bin/../lib/gcc/nios2-elf/4.1.2/../../../../nios2-elf/lib/mno-hw-mul\libm.a(lib_a-w_sqrt.o)
 .data          0x0000ed0c        0x0 f:/altera/13.0sp1/nios2eds/bin/gnu/h-i686-mingw32/bin/../lib/gcc/nios2-elf/4.1.2/../../../../nios2-elf/lib/mno-hw-mul\libm.a(lib_a-e_acos.o)
 .data          0x0000ed0c        0x0 f:/altera/13.0sp1/nios2eds/bin/gnu/h-i686-mingw32/bin/../lib/gcc/nios2-elf/4.1.2/../../../../nios2-elf/lib/mno-hw-mul\libm.a(lib_a-e_asin.o)
 .data          0x0000ed0c        0x0 f:/altera/13.0sp1/nios2eds/bin/gnu/h-i686-mingw32/bin/../lib/gcc/nios2-elf/4.1.2/../../../../nios2-elf/lib/mno-hw-mul\libm.a(lib_a-e_rem_pio2.o)
 .data          0x0000ed0c        0x0 f:/altera/13.0sp1/nios2eds/bin/gnu/h-i686-mingw32/bin/../lib/gcc/nios2-elf/4.1.2/../../../../nios2-elf/lib/mno-hw-mul\libm.a(lib_a-e_sqrt.o)
 .data          0x0000ed0c        0x0 f:/altera/13.0sp1/nios2eds/bin/gnu/h-i686-mingw32/bin/../lib/gcc/nios2-elf/4.1.2/../../../../nios2-elf/lib/mno-hw-mul\libm.a(lib_a-k_cos.o)
 .data          0x0000ed0c        0x0 f:/altera/13.0sp1/nios2eds/bin/gnu/h-i686-mingw32/bin/../lib/gcc/nios2-elf/4.1.2/../../../../nios2-elf/lib/mno-hw-mul\libm.a(lib_a-k_rem_pio2.o)
 .data          0x0000ed0c        0x0 f:/altera/13.0sp1/nios2eds/bin/gnu/h-i686-mingw32/bin/../lib/gcc/nios2-elf/4.1.2/../../../../nios2-elf/lib/mno-hw-mul\libm.a(lib_a-k_sin.o)
 .data          0x0000ed0c        0x0 f:/altera/13.0sp1/nios2eds/bin/gnu/h-i686-mingw32/bin/../lib/gcc/nios2-elf/4.1.2/../../../../nios2-elf/lib/mno-hw-mul\libm.a(lib_a-s_fabs.o)
 .data          0x0000ed0c        0x0 f:/altera/13.0sp1/nios2eds/bin/gnu/h-i686-mingw32/bin/../lib/gcc/nios2-elf/4.1.2/../../../../nios2-elf/lib/mno-hw-mul\libm.a(lib_a-s_isnand.o)
 .data          0x0000ed0c        0x0 f:/altera/13.0sp1/nios2eds/bin/gnu/h-i686-mingw32/bin/../lib/gcc/nios2-elf/4.1.2/../../../../nios2-elf/lib/mno-hw-mul\libm.a(lib_a-s_lib_ver.o)
 .data          0x0000ed0c        0x0 f:/altera/13.0sp1/nios2eds/bin/gnu/h-i686-mingw32/bin/../lib/gcc/nios2-elf/4.1.2/../../../../nios2-elf/lib/mno-hw-mul\libm.a(lib_a-s_matherr.o)
 .data          0x0000ed0c        0x0 f:/altera/13.0sp1/nios2eds/bin/gnu/h-i686-mingw32/bin/../lib/gcc/nios2-elf/4.1.2/../../../../nios2-elf/lib/mno-hw-mul\libm.a(lib_a-s_nan.o)
 .data          0x0000ed0c        0x0 f:/altera/13.0sp1/nios2eds/bin/gnu/h-i686-mingw32/bin/../lib/gcc/nios2-elf/4.1.2/../../../../nios2-elf/lib/mno-hw-mul\libm.a(lib_a-s_scalbn.o)
 .data          0x0000ed0c        0x0 f:/altera/13.0sp1/nios2eds/bin/gnu/h-i686-mingw32/bin/../lib/gcc/nios2-elf/4.1.2/../../../../nios2-elf/lib/mno-hw-mul\libm.a(lib_a-s_copysign.o)
 .data          0x0000ed0c        0x0 f:/altera/13.0sp1/nios2eds/bin/gnu/h-i686-mingw32/bin/../lib/gcc/nios2-elf/4.1.2/mno-hw-mul\libgcc.a(_muldi3.o)
 .data          0x0000ed0c        0x0 f:/altera/13.0sp1/nios2eds/bin/gnu/h-i686-mingw32/bin/../lib/gcc/nios2-elf/4.1.2/mno-hw-mul\libgcc.a(_fixsfdi.o)
 .data          0x0000ed0c        0x0 f:/altera/13.0sp1/nios2eds/bin/gnu/h-i686-mingw32/bin/../lib/gcc/nios2-elf/4.1.2/mno-hw-mul\libgcc.a(_fixunssfdi.o)
 .data          0x0000ed0c        0x0 f:/altera/13.0sp1/nios2eds/bin/gnu/h-i686-mingw32/bin/../lib/gcc/nios2-elf/4.1.2/mno-hw-mul\libgcc.a(_floatdisf.o)
 .data          0x0000ed0c        0x0 f:/altera/13.0sp1/nios2eds/bin/gnu/h-i686-mingw32/bin/../lib/gcc/nios2-elf/4.1.2/mno-hw-mul\libgcc.a(_floatundisf.o)
 .data          0x0000ed0c        0x0 f:/altera/13.0sp1/nios2eds/bin/gnu/h-i686-mingw32/bin/../lib/gcc/nios2-elf/4.1.2/mno-hw-mul\libgcc.a(_floatundidf.o)
 .data          0x0000ed0c        0x0 f:/altera/13.0sp1/nios2eds/bin/gnu/h-i686-mingw32/bin/../lib/gcc/nios2-elf/4.1.2/mno-hw-mul\libgcc.a(_divdi3.o)
 .data          0x0000ed0c        0x0 f:/altera/13.0sp1/nios2eds/bin/gnu/h-i686-mingw32/bin/../lib/gcc/nios2-elf/4.1.2/mno-hw-mul\libgcc.a(_udivdi3.o)
 .data          0x0000ed0c        0x0 f:/altera/13.0sp1/nios2eds/bin/gnu/h-i686-mingw32/bin/../lib/gcc/nios2-elf/4.1.2/mno-hw-mul\libgcc.a(_addsub_sf.o)
 .data          0x0000ed0c        0x0 f:/altera/13.0sp1/nios2eds/bin/gnu/h-i686-mingw32/bin/../lib/gcc/nios2-elf/4.1.2/mno-hw-mul\libgcc.a(_mul_sf.o)
 .data          0x0000ed0c        0x0 f:/altera/13.0sp1/nios2eds/bin/gnu/h-i686-mingw32/bin/../lib/gcc/nios2-elf/4.1.2/mno-hw-mul\libgcc.a(_div_sf.o)
 .data          0x0000ed0c        0x0 f:/altera/13.0sp1/nios2eds/bin/gnu/h-i686-mingw32/bin/../lib/gcc/nios2-elf/4.1.2/mno-hw-mul\libgcc.a(_eq_sf.o)
 .data          0x0000ed0c        0x0 f:/altera/13.0sp1/nios2eds/bin/gnu/h-i686-mingw32/bin/../lib/gcc/nios2-elf/4.1.2/mno-hw-mul\libgcc.a(_gt_sf.o)
 .data          0x0000ed0c        0x0 f:/altera/13.0sp1/nios2eds/bin/gnu/h-i686-mingw32/bin/../lib/gcc/nios2-elf/4.1.2/mno-hw-mul\libgcc.a(_lt_sf.o)
 .data          0x0000ed0c        0x0 f:/altera/13.0sp1/nios2eds/bin/gnu/h-i686-mingw32/bin/../lib/gcc/nios2-elf/4.1.2/mno-hw-mul\libgcc.a(_si_to_sf.o)
 .data          0x0000ed0c        0x0 f:/altera/13.0sp1/nios2eds/bin/gnu/h-i686-mingw32/bin/../lib/gcc/nios2-elf/4.1.2/mno-hw-mul\libgcc.a(_sf_to_df.o)
 .data          0x0000ed0c        0x0 f:/altera/13.0sp1/nios2eds/bin/gnu/h-i686-mingw32/bin/../lib/gcc/nios2-elf/4.1.2/mno-hw-mul\libgcc.a(_thenan_sf.o)
 .data          0x0000ed0c        0x0 f:/altera/13.0sp1/nios2eds/bin/gnu/h-i686-mingw32/bin/../lib/gcc/nios2-elf/4.1.2/mno-hw-mul\libgcc.a(_addsub_df.o)
 .data          0x0000ed0c        0x0 f:/altera/13.0sp1/nios2eds/bin/gnu/h-i686-mingw32/bin/../lib/gcc/nios2-elf/4.1.2/mno-hw-mul\libgcc.a(_mul_df.o)
 .data          0x0000ed0c        0x0 f:/altera/13.0sp1/nios2eds/bin/gnu/h-i686-mingw32/bin/../lib/gcc/nios2-elf/4.1.2/mno-hw-mul\libgcc.a(_div_df.o)
 .data          0x0000ed0c        0x0 f:/altera/13.0sp1/nios2eds/bin/gnu/h-i686-mingw32/bin/../lib/gcc/nios2-elf/4.1.2/mno-hw-mul\libgcc.a(_eq_df.o)
 .data          0x0000ed0c        0x0 f:/altera/13.0sp1/nios2eds/bin/gnu/h-i686-mingw32/bin/../lib/gcc/nios2-elf/4.1.2/mno-hw-mul\libgcc.a(_gt_df.o)
 .data          0x0000ed0c        0x0 f:/altera/13.0sp1/nios2eds/bin/gnu/h-i686-mingw32/bin/../lib/gcc/nios2-elf/4.1.2/mno-hw-mul\libgcc.a(_ge_df.o)
 .data          0x0000ed0c        0x0 f:/altera/13.0sp1/nios2eds/bin/gnu/h-i686-mingw32/bin/../lib/gcc/nios2-elf/4.1.2/mno-hw-mul\libgcc.a(_lt_df.o)
 .data          0x0000ed0c        0x0 f:/altera/13.0sp1/nios2eds/bin/gnu/h-i686-mingw32/bin/../lib/gcc/nios2-elf/4.1.2/mno-hw-mul\libgcc.a(_si_to_df.o)
 .data          0x0000ed0c        0x0 f:/altera/13.0sp1/nios2eds/bin/gnu/h-i686-mingw32/bin/../lib/gcc/nios2-elf/4.1.2/mno-hw-mul\libgcc.a(_df_to_si.o)
 .data          0x0000ed0c        0x0 f:/altera/13.0sp1/nios2eds/bin/gnu/h-i686-mingw32/bin/../lib/gcc/nios2-elf/4.1.2/mno-hw-mul\libgcc.a(_make_df.o)
 .data          0x0000ed0c        0x0 f:/altera/13.0sp1/nios2eds/bin/gnu/h-i686-mingw32/bin/../lib/gcc/nios2-elf/4.1.2/mno-hw-mul\libgcc.a(_df_to_sf.o)
 .data          0x0000ed0c        0x0 f:/altera/13.0sp1/nios2eds/bin/gnu/h-i686-mingw32/bin/../lib/gcc/nios2-elf/4.1.2/mno-hw-mul\libgcc.a(_thenan_df.o)
 .data          0x0000ed0c        0x0 f:/altera/13.0sp1/nios2eds/bin/gnu/h-i686-mingw32/bin/../lib/gcc/nios2-elf/4.1.2/mno-hw-mul\libgcc.a(_usi_to_df.o)
 .data          0x0000ed0c        0x0 f:/altera/13.0sp1/nios2eds/bin/gnu/h-i686-mingw32/bin/../lib/gcc/nios2-elf/4.1.2/mno-hw-mul\libgcc.a(lib2-divmod.o)
 .data          0x0000ed0c        0x0 f:/altera/13.0sp1/nios2eds/bin/gnu/h-i686-mingw32/bin/../lib/gcc/nios2-elf/4.1.2/mno-hw-mul\libgcc.a(lib2-mul.o)
 .data          0x0000ed0c        0x0 f:/altera/13.0sp1/nios2eds/bin/gnu/h-i686-mingw32/bin/../lib/gcc/nios2-elf/4.1.2/mno-hw-mul\libgcc.a(_clz.o)
 .data          0x0000ed0c        0x0 f:/altera/13.0sp1/nios2eds/bin/gnu/h-i686-mingw32/bin/../lib/gcc/nios2-elf/4.1.2/mno-hw-mul\libgcc.a(_clzsi2.o)
 .data          0x0000ed0c        0x0 f:/altera/13.0sp1/nios2eds/bin/gnu/h-i686-mingw32/bin/../lib/gcc/nios2-elf/4.1.2/mno-hw-mul\libgcc.a(_fixunsdfsi.o)
 .data          0x0000ed0c        0x0 f:/altera/13.0sp1/nios2eds/bin/gnu/h-i686-mingw32/bin/../lib/gcc/nios2-elf/4.1.2/mno-hw-mul\libgcc.a(_pack_sf.o)
 .data          0x0000ed0c        0x0 f:/altera/13.0sp1/nios2eds/bin/gnu/h-i686-mingw32/bin/../lib/gcc/nios2-elf/4.1.2/mno-hw-mul\libgcc.a(_unpack_sf.o)
 .data          0x0000ed0c        0x0 f:/altera/13.0sp1/nios2eds/bin/gnu/h-i686-mingw32/bin/../lib/gcc/nios2-elf/4.1.2/mno-hw-mul\libgcc.a(_fpcmp_parts_sf.o)
 .data          0x0000ed0c        0x0 f:/altera/13.0sp1/nios2eds/bin/gnu/h-i686-mingw32/bin/../lib/gcc/nios2-elf/4.1.2/mno-hw-mul\libgcc.a(_make_sf.o)
 .data          0x0000ed0c        0x0 f:/altera/13.0sp1/nios2eds/bin/gnu/h-i686-mingw32/bin/../lib/gcc/nios2-elf/4.1.2/mno-hw-mul\libgcc.a(_pack_df.o)
 .data          0x0000ed0c        0x0 f:/altera/13.0sp1/nios2eds/bin/gnu/h-i686-mingw32/bin/../lib/gcc/nios2-elf/4.1.2/mno-hw-mul\libgcc.a(_unpack_df.o)
 .data          0x0000ed0c        0x0 f:/altera/13.0sp1/nios2eds/bin/gnu/h-i686-mingw32/bin/../lib/gcc/nios2-elf/4.1.2/mno-hw-mul\libgcc.a(_fpcmp_parts_df.o)
 .data          0x0000ed0c        0x0 f:/altera/13.0sp1/nios2eds/bin/gnu/h-i686-mingw32/bin/../lib/gcc/nios2-elf/4.1.2/../../../../nios2-elf/lib/mno-hw-mul\libc.a(lib_a-errno.o)
 .data          0x0000ed0c      0x400 f:/altera/13.0sp1/nios2eds/bin/gnu/h-i686-mingw32/bin/../lib/gcc/nios2-elf/4.1.2/../../../../nios2-elf/lib/mno-hw-mul\libc.a(lib_a-impure.o)
 .data          0x0000f10c        0x0 f:/altera/13.0sp1/nios2eds/bin/gnu/h-i686-mingw32/bin/../lib/gcc/nios2-elf/4.1.2/../../../../nios2-elf/lib/mno-hw-mul\libc.a(lib_a-strlen.o)
 .data          0x0000f10c        0x0 ../SYSTEM_bsp/\libhal_bsp.a(alt_load.o)
 .data          0x0000f10c        0x0 ../SYSTEM_bsp/\libhal_bsp.a(alt_main.o)
 .data          0x0000f10c        0x0 ../SYSTEM_bsp/\libhal_bsp.a(alt_usleep.o)
 .data          0x0000f10c     0x1180 ../SYSTEM_bsp/\libhal_bsp.a(alt_sys_init.o)
 .data          0x0001028c        0x0 ../SYSTEM_bsp/\libhal_bsp.a(altera_avalon_jtag_uart_fd.o)
 .data          0x0001028c        0x0 ../SYSTEM_bsp/\libhal_bsp.a(altera_avalon_jtag_uart_init.o)
 .data          0x0001028c        0x0 ../SYSTEM_bsp/\libhal_bsp.a(altera_avalon_jtag_uart_ioctl.o)
 .data          0x0001028c        0x0 ../SYSTEM_bsp/\libhal_bsp.a(altera_avalon_jtag_uart_read.o)
 .data          0x0001028c        0x0 ../SYSTEM_bsp/\libhal_bsp.a(altera_avalon_jtag_uart_write.o)
 .data          0x0001028c        0x0 ../SYSTEM_bsp/\libhal_bsp.a(altera_avalon_lcd_16207.o)
 .data          0x0001028c        0x0 ../SYSTEM_bsp/\libhal_bsp.a(altera_avalon_lcd_16207_fd.o)
 .data          0x0001028c        0x0 ../SYSTEM_bsp/\libhal_bsp.a(alt_alarm_start.o)
 .data          0x0001028c        0x0 ../SYSTEM_bsp/\libhal_bsp.a(alt_busy_sleep.o)
 .data          0x0001028c        0x0 ../SYSTEM_bsp/\libhal_bsp.a(alt_close.o)
 .data          0x0001028c        0x0 ../SYSTEM_bsp/\libhal_bsp.a(alt_dcache_flush_all.o)
 .data          0x0001028c      0x1a8 ../SYSTEM_bsp/\libhal_bsp.a(alt_dev.o)
                0x0001028c                alt_dev_null
                0x000102b4                alt_fd_list
 .data          0x00010434        0x0 ../SYSTEM_bsp/\libhal_bsp.a(alt_dev_llist_insert.o)
 .data          0x00010434        0x0 ../SYSTEM_bsp/\libhal_bsp.a(alt_do_ctors.o)
 .data          0x00010434        0x0 ../SYSTEM_bsp/\libhal_bsp.a(alt_do_dtors.o)
 .data          0x00010434        0x0 ../SYSTEM_bsp/\libhal_bsp.a(alt_errno.o)
 .data          0x00010434        0x0 ../SYSTEM_bsp/\libhal_bsp.a(alt_icache_flush_all.o)
 .data          0x00010434        0x0 ../SYSTEM_bsp/\libhal_bsp.a(alt_iic.o)
 .data          0x00010434        0x0 ../SYSTEM_bsp/\libhal_bsp.a(alt_iic_isr_register.o)
 .data          0x00010434        0x0 ../SYSTEM_bsp/\libhal_bsp.a(alt_io_redirect.o)
 .data          0x00010434        0x0 ../SYSTEM_bsp/\libhal_bsp.a(alt_irq_entry.o)
 .data          0x00010434        0x0 ../SYSTEM_bsp/\libhal_bsp.a(alt_irq_handler.o)
 .data          0x00010434        0x0 ../SYSTEM_bsp/\libhal_bsp.a(alt_irq_vars.o)
 .data          0x00010434        0x0 ../SYSTEM_bsp/\libhal_bsp.a(alt_open.o)
 .data          0x00010434        0x0 ../SYSTEM_bsp/\libhal_bsp.a(alt_release_fd.o)
 .data          0x00010434        0x0 ../SYSTEM_bsp/\libhal_bsp.a(alt_tick.o)
 .data          0x00010434        0x0 ../SYSTEM_bsp/\libhal_bsp.a(altera_nios2_qsys_irq.o)
 .data          0x00010434        0x0 ../SYSTEM_bsp/\libhal_bsp.a(alt_exception_entry.o)
 .data          0x00010434        0x0 ../SYSTEM_bsp/\libhal_bsp.a(alt_find_dev.o)
 .data          0x00010434        0x0 ../SYSTEM_bsp/\libhal_bsp.a(alt_find_file.o)
 .data          0x00010434        0x0 ../SYSTEM_bsp/\libhal_bsp.a(alt_get_fd.o)
 .data          0x00010434        0x0 f:/altera/13.0sp1/nios2eds/bin/gnu/h-i686-mingw32/bin/../lib/gcc/nios2-elf/4.1.2/../../../../nios2-elf/lib/mno-hw-mul\libc.a(lib_a-atexit.o)
 .data          0x00010434        0x0 f:/altera/13.0sp1/nios2eds/bin/gnu/h-i686-mingw32/bin/../lib/gcc/nios2-elf/4.1.2/../../../../nios2-elf/lib/mno-hw-mul\libc.a(lib_a-ctype_.o)
 .data          0x00010434        0x0 f:/altera/13.0sp1/nios2eds/bin/gnu/h-i686-mingw32/bin/../lib/gcc/nios2-elf/4.1.2/../../../../nios2-elf/lib/mno-hw-mul\libc.a(lib_a-exit.o)
 .data          0x00010434        0x0 f:/altera/13.0sp1/nios2eds/bin/gnu/h-i686-mingw32/bin/../lib/gcc/nios2-elf/4.1.2/../../../../nios2-elf/lib/mno-hw-mul\libc.a(lib_a-int_errno.o)
 .data          0x00010434        0x0 f:/altera/13.0sp1/nios2eds/bin/gnu/h-i686-mingw32/bin/../lib/gcc/nios2-elf/4.1.2/../../../../nios2-elf/lib/mno-hw-mul\libc.a(lib_a-memcmp.o)
 .data          0x00010434        0x0 f:/altera/13.0sp1/nios2eds/bin/gnu/h-i686-mingw32/bin/../lib/gcc/nios2-elf/4.1.2/../../../../nios2-elf/lib/mno-hw-mul\libc.a(lib_a-memcpy.o)
 .data          0x00010434        0x0 f:/altera/13.0sp1/nios2eds/bin/gnu/h-i686-mingw32/bin/../lib/gcc/nios2-elf/4.1.2/../../../../nios2-elf/lib/mno-hw-mul\libc.a(lib_a-memset.o)
 .data          0x00010434        0x0 f:/altera/13.0sp1/nios2eds/bin/gnu/h-i686-mingw32/bin/../lib/gcc/nios2-elf/4.1.2/../../../../nios2-elf/lib/mno-hw-mul\libc.a(lib_a-__atexit.o)
 .data          0x00010434        0x0 f:/altera/13.0sp1/nios2eds/bin/gnu/h-i686-mingw32/bin/../lib/gcc/nios2-elf/4.1.2/../../../../nios2-elf/lib/mno-hw-mul\libc.a(lib_a-__call_atexit.o)
 .data          0x00010434        0x0 ../SYSTEM_bsp/\libhal_bsp.a(alt_exit.o)
                0x00018434                _gp = ABSOLUTE ((. + 0x8000))
                0x00018434                PROVIDE (gp, _gp)
 *(.rwdata .rwdata.*)
 *(.sdata .sdata.* .gnu.linkonce.s.*)
 .sdata         0x00010434        0x4 ../SYSTEM_bsp//obj/HAL/src/crt0.o
                0x00010434                alt_stack_limit_value
 .sdata         0x00010438        0x4 obj/default/Source/RuntimeFunctions.o
                0x00010438                Nreceivers
 .sdata         0x0001043c      0x184 obj/default/Source/config.o
                0x0001043c                data
                0x00010440                data_valid
                0x00010444                fifo_rst
                0x00010448                sub_on
                0x0001044c                det_on
                0x00010450                adc_on
                0x00010454                CH0_timer_rst
                0x00010458                CH0_threshold
                0x0001045c                CH0_peakFound
                0x00010460                CH0_RD
                0x00010464                CH0_TIME
                0x00010468                CH0_Yn1L
                0x0001046c                CH0_Yn1ML
                0x00010470                CH0_Yn1MU
                0x00010474                CH0_Yn1U
                0x00010478                CH0_Yn2L
                0x0001047c                CH0_Yn2ML
                0x00010480                CH0_Yn2MU
                0x00010484                CH0_Yn2U
                0x00010488                CH0_Yn3L
                0x0001048c                CH0_Yn3ML
                0x00010490                CH0_Yn3MU
                0x00010494                CH0_Yn3U
                0x00010498                CH1_timer_rst
                0x0001049c                CH1_threshold
                0x000104a0                CH1_peakFound
                0x000104a4                CH1_RD
                0x000104a8                CH1_TIME
                0x000104ac                CH1_Yn1L
                0x000104b0                CH1_Yn1ML
                0x000104b4                CH1_Yn1MU
                0x000104b8                CH1_Yn1U
                0x000104bc                CH1_Yn2L
                0x000104c0                CH1_Yn2ML
                0x000104c4                CH1_Yn2MU
                0x000104c8                CH1_Yn2U
                0x000104cc                CH1_Yn3L
                0x000104d0                CH1_Yn3ML
                0x000104d4                CH1_Yn3MU
                0x000104d8                CH1_Yn3U
                0x000104dc                CH2_timer_rst
                0x000104e0                CH2_threshold
                0x000104e4                CH2_peakFound
                0x000104e8                CH2_RD
                0x000104ec                CH2_TIME
                0x000104f0                CH2_Yn1L
                0x000104f4                CH2_Yn1ML
                0x000104f8                CH2_Yn1MU
                0x000104fc                CH2_Yn1U
                0x00010500                CH2_Yn2L
                0x00010504                CH2_Yn2ML
                0x00010508                CH2_Yn2MU
                0x0001050c                CH2_Yn2U
                0x00010510                CH2_Yn3L
                0x00010514                CH2_Yn3ML
                0x00010518                CH2_Yn3MU
                0x0001051c                CH2_Yn3U
                0x00010520                CH3_timer_rst
                0x00010524                CH3_threshold
                0x00010528                CH3_peakFound
                0x0001052c                CH3_RD
                0x00010530                CH3_TIME
                0x00010534                CH3_Yn1L
                0x00010538                CH3_Yn1ML
                0x0001053c                CH3_Yn1MU
                0x00010540                CH3_Yn1U
                0x00010544                CH3_Yn2L
                0x00010548                CH3_Yn2ML
                0x0001054c                CH3_Yn2MU
                0x00010550                CH3_Yn2U
                0x00010554                CH3_Yn3L
                0x00010558                CH3_Yn3ML
                0x0001055c                CH3_Yn3MU
                0x00010560                CH3_Yn3U
                0x00010564                CH4_timer_rst
                0x00010568                CH4_threshold
                0x0001056c                CH4_peakFound
                0x00010570                CH4_RD
                0x00010574                CH4_TIME
                0x00010578                CH4_Yn1L
                0x0001057c                CH4_Yn1ML
                0x00010580                CH4_Yn1MU
                0x00010584                CH4_Yn1U
                0x00010588                CH4_Yn2L
                0x0001058c                CH4_Yn2ML
                0x00010590                CH4_Yn2MU
                0x00010594                CH4_Yn2U
                0x00010598                CH4_Yn3L
                0x0001059c                CH4_Yn3ML
                0x000105a0                CH4_Yn3MU
                0x000105a4                CH4_Yn3U
                0x000105a8                threshold
                0x000105ac                sumHsq_CH0
                0x000105b0                sumHsq_CH1
                0x000105b4                sumHsq_CH2
                0x000105b8                sumHsq_CH3
                0x000105bc                sumHsq_CH4
 .sdata         0x000105c0        0x4 f:/altera/13.0sp1/nios2eds/bin/gnu/h-i686-mingw32/bin/../lib/gcc/nios2-elf/4.1.2/../../../../nios2-elf/lib/mno-hw-mul\libm.a(lib_a-s_lib_ver.o)
                0x000105c0                __fdlib_version
 .sdata         0x000105c4        0x8 f:/altera/13.0sp1/nios2eds/bin/gnu/h-i686-mingw32/bin/../lib/gcc/nios2-elf/4.1.2/../../../../nios2-elf/lib/mno-hw-mul\libc.a(lib_a-impure.o)
                0x000105c4                _impure_ptr
                0x000105c8                _global_impure_ptr
 .sdata         0x000105cc        0x4 ../SYSTEM_bsp/\libhal_bsp.a(altera_avalon_lcd_16207.o)
 .sdata         0x000105d0       0x14 ../SYSTEM_bsp/\libhal_bsp.a(alt_dev.o)
                0x000105d0                alt_fs_list
                0x000105d8                alt_dev_list
                0x000105e0                alt_max_fd
 .sdata         0x000105e4        0x4 ../SYSTEM_bsp/\libhal_bsp.a(alt_errno.o)
                0x000105e4                alt_errno
 .sdata         0x000105e8        0x4 ../SYSTEM_bsp/\libhal_bsp.a(alt_irq_vars.o)
                0x000105e8                alt_priority_mask
 .sdata         0x000105ec        0x8 ../SYSTEM_bsp/\libhal_bsp.a(alt_tick.o)
                0x000105ec                alt_alarm_list
 .sdata         0x000105f4        0x4 f:/altera/13.0sp1/nios2eds/bin/gnu/h-i686-mingw32/bin/../lib/gcc/nios2-elf/4.1.2/../../../../nios2-elf/lib/mno-hw-mul\libc.a(lib_a-ctype_.o)
                0x000105f4                __ctype_ptr
 *(.sdata2 .sdata2.* .gnu.linkonce.s2.*)
                0x000105f8                . = ALIGN (0x4)
                0x000105f8                _edata = ABSOLUTE (.)
                0x000105f8                PROVIDE (edata, ABSOLUTE (.))
                0x000105f8                PROVIDE (__ram_rwdata_end, ABSOLUTE (.))
                0x000105f8                PROVIDE (__flash_rwdata_start, LOADADDR (.rwdata))

.bss            0x00011f1c      0x360
                0x00011f1c                __bss_start = ABSOLUTE (.)
                0x00011f1c                PROVIDE (__sbss_start, ABSOLUTE (.))
                0x00011f1c                PROVIDE (___sbss_start, ABSOLUTE (.))
 *(.dynsbss)
 *(.sbss .sbss.* .gnu.linkonce.sb.*)
 .sbss          0x00011f1c        0x4 obj/default/Source/LCD.o
                0x00011f1c                LCD
 .sbss          0x00011f20       0x54 obj/default/Source/RuntimeFunctions.o
                0x00011f20                realR
                0x00011f24                realphi
                0x00011f28                realtheta
                0x00011f2c                max_error
                0x00011f30                error
                0x00011f34                k
                0x00011f38                CH3_nOut
                0x00011f40                calc_mode
                0x00011f44                phi
                0x00011f48                distance
                0x00011f4c                theta
                0x00011f50                CH1_nOut
                0x00011f58                CH0_nOut
                0x00011f60                L
                0x00011f64                CH2_nOut
                0x00011f6c                R
                0x00011f70                pi
 .sbss          0x00011f74        0xc obj/default/Source/config.o
                0x00011f74                thresholdMultiplier
                0x00011f7c                i
 .sbss          0x00011f80        0xc ../SYSTEM_bsp/\libhal_bsp.a(alt_main.o)
                0x00011f80                alt_argc
                0x00011f84                alt_argv
                0x00011f88                alt_envp
 .sbss          0x00011f8c        0x4 ../SYSTEM_bsp/\libhal_bsp.a(alt_irq_vars.o)
                0x00011f8c                alt_irq_active
 .sbss          0x00011f90        0x8 ../SYSTEM_bsp/\libhal_bsp.a(alt_tick.o)
                0x00011f90                _alt_tick_rate
                0x00011f94                _alt_nticks
 .sbss          0x00011f98        0x4 f:/altera/13.0sp1/nios2eds/bin/gnu/h-i686-mingw32/bin/../lib/gcc/nios2-elf/4.1.2/../../../../nios2-elf/lib/mno-hw-mul\libc.a(lib_a-int_errno.o)
                0x00011f98                errno
 *(.sbss2 .sbss2.* .gnu.linkonce.sb2.*)
 *(.scommon)
                0x00011f9c                PROVIDE (__sbss_end, ABSOLUTE (.))
                0x00011f9c                PROVIDE (___sbss_end, ABSOLUTE (.))
 *(.dynbss)
 *(.bss .bss.* .gnu.linkonce.b.*)
 .bss           0x00011f9c        0x0 ../SYSTEM_bsp//obj/HAL/src/crt0.o
 .bss           0x00011f9c        0x0 obj/default/Source/LCD.o
 .bss           0x00011f9c        0x0 obj/default/Source/RuntimeFunctions.o
 .bss           0x00011f9c        0x0 obj/default/Source/config.o
 .bss           0x00011f9c        0x0 obj/default/Source/main.o
 .bss           0x00011f9c        0x0 obj/default/Source/tests.o
 .bss           0x00011f9c        0x0 f:/altera/13.0sp1/nios2eds/bin/gnu/h-i686-mingw32/bin/../lib/gcc/nios2-elf/4.1.2/../../../../nios2-elf/lib/mno-hw-mul\libm.a(lib_a-s_floor.o)
 .bss           0x00011f9c        0x0 f:/altera/13.0sp1/nios2eds/bin/gnu/h-i686-mingw32/bin/../lib/gcc/nios2-elf/4.1.2/../../../../nios2-elf/lib/mno-hw-mul\libm.a(lib_a-s_sin.o)
 .bss           0x00011f9c        0x0 f:/altera/13.0sp1/nios2eds/bin/gnu/h-i686-mingw32/bin/../lib/gcc/nios2-elf/4.1.2/../../../../nios2-elf/lib/mno-hw-mul\libm.a(lib_a-w_acos.o)
 .bss           0x00011f9c        0x0 f:/altera/13.0sp1/nios2eds/bin/gnu/h-i686-mingw32/bin/../lib/gcc/nios2-elf/4.1.2/../../../../nios2-elf/lib/mno-hw-mul\libm.a(lib_a-w_asin.o)
 .bss           0x00011f9c        0x0 f:/altera/13.0sp1/nios2eds/bin/gnu/h-i686-mingw32/bin/../lib/gcc/nios2-elf/4.1.2/../../../../nios2-elf/lib/mno-hw-mul\libm.a(lib_a-w_sqrt.o)
 .bss           0x00011f9c        0x0 f:/altera/13.0sp1/nios2eds/bin/gnu/h-i686-mingw32/bin/../lib/gcc/nios2-elf/4.1.2/../../../../nios2-elf/lib/mno-hw-mul\libm.a(lib_a-e_acos.o)
 .bss           0x00011f9c        0x0 f:/altera/13.0sp1/nios2eds/bin/gnu/h-i686-mingw32/bin/../lib/gcc/nios2-elf/4.1.2/../../../../nios2-elf/lib/mno-hw-mul\libm.a(lib_a-e_asin.o)
 .bss           0x00011f9c        0x0 f:/altera/13.0sp1/nios2eds/bin/gnu/h-i686-mingw32/bin/../lib/gcc/nios2-elf/4.1.2/../../../../nios2-elf/lib/mno-hw-mul\libm.a(lib_a-e_rem_pio2.o)
 .bss           0x00011f9c        0x0 f:/altera/13.0sp1/nios2eds/bin/gnu/h-i686-mingw32/bin/../lib/gcc/nios2-elf/4.1.2/../../../../nios2-elf/lib/mno-hw-mul\libm.a(lib_a-e_sqrt.o)
 .bss           0x00011f9c        0x0 f:/altera/13.0sp1/nios2eds/bin/gnu/h-i686-mingw32/bin/../lib/gcc/nios2-elf/4.1.2/../../../../nios2-elf/lib/mno-hw-mul\libm.a(lib_a-k_cos.o)
 .bss           0x00011f9c        0x0 f:/altera/13.0sp1/nios2eds/bin/gnu/h-i686-mingw32/bin/../lib/gcc/nios2-elf/4.1.2/../../../../nios2-elf/lib/mno-hw-mul\libm.a(lib_a-k_rem_pio2.o)
 .bss           0x00011f9c        0x0 f:/altera/13.0sp1/nios2eds/bin/gnu/h-i686-mingw32/bin/../lib/gcc/nios2-elf/4.1.2/../../../../nios2-elf/lib/mno-hw-mul\libm.a(lib_a-k_sin.o)
 .bss           0x00011f9c        0x0 f:/altera/13.0sp1/nios2eds/bin/gnu/h-i686-mingw32/bin/../lib/gcc/nios2-elf/4.1.2/../../../../nios2-elf/lib/mno-hw-mul\libm.a(lib_a-s_fabs.o)
 .bss           0x00011f9c        0x0 f:/altera/13.0sp1/nios2eds/bin/gnu/h-i686-mingw32/bin/../lib/gcc/nios2-elf/4.1.2/../../../../nios2-elf/lib/mno-hw-mul\libm.a(lib_a-s_isnand.o)
 .bss           0x00011f9c        0x0 f:/altera/13.0sp1/nios2eds/bin/gnu/h-i686-mingw32/bin/../lib/gcc/nios2-elf/4.1.2/../../../../nios2-elf/lib/mno-hw-mul\libm.a(lib_a-s_lib_ver.o)
 .bss           0x00011f9c        0x0 f:/altera/13.0sp1/nios2eds/bin/gnu/h-i686-mingw32/bin/../lib/gcc/nios2-elf/4.1.2/../../../../nios2-elf/lib/mno-hw-mul\libm.a(lib_a-s_matherr.o)
 .bss           0x00011f9c        0x0 f:/altera/13.0sp1/nios2eds/bin/gnu/h-i686-mingw32/bin/../lib/gcc/nios2-elf/4.1.2/../../../../nios2-elf/lib/mno-hw-mul\libm.a(lib_a-s_nan.o)
 .bss           0x00011f9c        0x0 f:/altera/13.0sp1/nios2eds/bin/gnu/h-i686-mingw32/bin/../lib/gcc/nios2-elf/4.1.2/../../../../nios2-elf/lib/mno-hw-mul\libm.a(lib_a-s_scalbn.o)
 .bss           0x00011f9c        0x0 f:/altera/13.0sp1/nios2eds/bin/gnu/h-i686-mingw32/bin/../lib/gcc/nios2-elf/4.1.2/../../../../nios2-elf/lib/mno-hw-mul\libm.a(lib_a-s_copysign.o)
 .bss           0x00011f9c        0x0 f:/altera/13.0sp1/nios2eds/bin/gnu/h-i686-mingw32/bin/../lib/gcc/nios2-elf/4.1.2/mno-hw-mul\libgcc.a(_muldi3.o)
 .bss           0x00011f9c        0x0 f:/altera/13.0sp1/nios2eds/bin/gnu/h-i686-mingw32/bin/../lib/gcc/nios2-elf/4.1.2/mno-hw-mul\libgcc.a(_fixsfdi.o)
 .bss           0x00011f9c        0x0 f:/altera/13.0sp1/nios2eds/bin/gnu/h-i686-mingw32/bin/../lib/gcc/nios2-elf/4.1.2/mno-hw-mul\libgcc.a(_fixunssfdi.o)
 .bss           0x00011f9c        0x0 f:/altera/13.0sp1/nios2eds/bin/gnu/h-i686-mingw32/bin/../lib/gcc/nios2-elf/4.1.2/mno-hw-mul\libgcc.a(_floatdisf.o)
 .bss           0x00011f9c        0x0 f:/altera/13.0sp1/nios2eds/bin/gnu/h-i686-mingw32/bin/../lib/gcc/nios2-elf/4.1.2/mno-hw-mul\libgcc.a(_floatundisf.o)
 .bss           0x00011f9c        0x0 f:/altera/13.0sp1/nios2eds/bin/gnu/h-i686-mingw32/bin/../lib/gcc/nios2-elf/4.1.2/mno-hw-mul\libgcc.a(_floatundidf.o)
 .bss           0x00011f9c        0x0 f:/altera/13.0sp1/nios2eds/bin/gnu/h-i686-mingw32/bin/../lib/gcc/nios2-elf/4.1.2/mno-hw-mul\libgcc.a(_divdi3.o)
 .bss           0x00011f9c        0x0 f:/altera/13.0sp1/nios2eds/bin/gnu/h-i686-mingw32/bin/../lib/gcc/nios2-elf/4.1.2/mno-hw-mul\libgcc.a(_udivdi3.o)
 .bss           0x00011f9c        0x0 f:/altera/13.0sp1/nios2eds/bin/gnu/h-i686-mingw32/bin/../lib/gcc/nios2-elf/4.1.2/mno-hw-mul\libgcc.a(_addsub_sf.o)
 .bss           0x00011f9c        0x0 f:/altera/13.0sp1/nios2eds/bin/gnu/h-i686-mingw32/bin/../lib/gcc/nios2-elf/4.1.2/mno-hw-mul\libgcc.a(_mul_sf.o)
 .bss           0x00011f9c        0x0 f:/altera/13.0sp1/nios2eds/bin/gnu/h-i686-mingw32/bin/../lib/gcc/nios2-elf/4.1.2/mno-hw-mul\libgcc.a(_div_sf.o)
 .bss           0x00011f9c        0x0 f:/altera/13.0sp1/nios2eds/bin/gnu/h-i686-mingw32/bin/../lib/gcc/nios2-elf/4.1.2/mno-hw-mul\libgcc.a(_eq_sf.o)
 .bss           0x00011f9c        0x0 f:/altera/13.0sp1/nios2eds/bin/gnu/h-i686-mingw32/bin/../lib/gcc/nios2-elf/4.1.2/mno-hw-mul\libgcc.a(_gt_sf.o)
 .bss           0x00011f9c        0x0 f:/altera/13.0sp1/nios2eds/bin/gnu/h-i686-mingw32/bin/../lib/gcc/nios2-elf/4.1.2/mno-hw-mul\libgcc.a(_lt_sf.o)
 .bss           0x00011f9c        0x0 f:/altera/13.0sp1/nios2eds/bin/gnu/h-i686-mingw32/bin/../lib/gcc/nios2-elf/4.1.2/mno-hw-mul\libgcc.a(_si_to_sf.o)
 .bss           0x00011f9c        0x0 f:/altera/13.0sp1/nios2eds/bin/gnu/h-i686-mingw32/bin/../lib/gcc/nios2-elf/4.1.2/mno-hw-mul\libgcc.a(_sf_to_df.o)
 .bss           0x00011f9c        0x0 f:/altera/13.0sp1/nios2eds/bin/gnu/h-i686-mingw32/bin/../lib/gcc/nios2-elf/4.1.2/mno-hw-mul\libgcc.a(_thenan_sf.o)
 .bss           0x00011f9c        0x0 f:/altera/13.0sp1/nios2eds/bin/gnu/h-i686-mingw32/bin/../lib/gcc/nios2-elf/4.1.2/mno-hw-mul\libgcc.a(_addsub_df.o)
 .bss           0x00011f9c        0x0 f:/altera/13.0sp1/nios2eds/bin/gnu/h-i686-mingw32/bin/../lib/gcc/nios2-elf/4.1.2/mno-hw-mul\libgcc.a(_mul_df.o)
 .bss           0x00011f9c        0x0 f:/altera/13.0sp1/nios2eds/bin/gnu/h-i686-mingw32/bin/../lib/gcc/nios2-elf/4.1.2/mno-hw-mul\libgcc.a(_div_df.o)
 .bss           0x00011f9c        0x0 f:/altera/13.0sp1/nios2eds/bin/gnu/h-i686-mingw32/bin/../lib/gcc/nios2-elf/4.1.2/mno-hw-mul\libgcc.a(_eq_df.o)
 .bss           0x00011f9c        0x0 f:/altera/13.0sp1/nios2eds/bin/gnu/h-i686-mingw32/bin/../lib/gcc/nios2-elf/4.1.2/mno-hw-mul\libgcc.a(_gt_df.o)
 .bss           0x00011f9c        0x0 f:/altera/13.0sp1/nios2eds/bin/gnu/h-i686-mingw32/bin/../lib/gcc/nios2-elf/4.1.2/mno-hw-mul\libgcc.a(_ge_df.o)
 .bss           0x00011f9c        0x0 f:/altera/13.0sp1/nios2eds/bin/gnu/h-i686-mingw32/bin/../lib/gcc/nios2-elf/4.1.2/mno-hw-mul\libgcc.a(_lt_df.o)
 .bss           0x00011f9c        0x0 f:/altera/13.0sp1/nios2eds/bin/gnu/h-i686-mingw32/bin/../lib/gcc/nios2-elf/4.1.2/mno-hw-mul\libgcc.a(_si_to_df.o)
 .bss           0x00011f9c        0x0 f:/altera/13.0sp1/nios2eds/bin/gnu/h-i686-mingw32/bin/../lib/gcc/nios2-elf/4.1.2/mno-hw-mul\libgcc.a(_df_to_si.o)
 .bss           0x00011f9c        0x0 f:/altera/13.0sp1/nios2eds/bin/gnu/h-i686-mingw32/bin/../lib/gcc/nios2-elf/4.1.2/mno-hw-mul\libgcc.a(_make_df.o)
 .bss           0x00011f9c        0x0 f:/altera/13.0sp1/nios2eds/bin/gnu/h-i686-mingw32/bin/../lib/gcc/nios2-elf/4.1.2/mno-hw-mul\libgcc.a(_df_to_sf.o)
 .bss           0x00011f9c        0x0 f:/altera/13.0sp1/nios2eds/bin/gnu/h-i686-mingw32/bin/../lib/gcc/nios2-elf/4.1.2/mno-hw-mul\libgcc.a(_thenan_df.o)
 .bss           0x00011f9c        0x0 f:/altera/13.0sp1/nios2eds/bin/gnu/h-i686-mingw32/bin/../lib/gcc/nios2-elf/4.1.2/mno-hw-mul\libgcc.a(_usi_to_df.o)
 .bss           0x00011f9c        0x0 f:/altera/13.0sp1/nios2eds/bin/gnu/h-i686-mingw32/bin/../lib/gcc/nios2-elf/4.1.2/mno-hw-mul\libgcc.a(lib2-divmod.o)
 .bss           0x00011f9c        0x0 f:/altera/13.0sp1/nios2eds/bin/gnu/h-i686-mingw32/bin/../lib/gcc/nios2-elf/4.1.2/mno-hw-mul\libgcc.a(lib2-mul.o)
 .bss           0x00011f9c        0x0 f:/altera/13.0sp1/nios2eds/bin/gnu/h-i686-mingw32/bin/../lib/gcc/nios2-elf/4.1.2/mno-hw-mul\libgcc.a(_clz.o)
 .bss           0x00011f9c        0x0 f:/altera/13.0sp1/nios2eds/bin/gnu/h-i686-mingw32/bin/../lib/gcc/nios2-elf/4.1.2/mno-hw-mul\libgcc.a(_clzsi2.o)
 .bss           0x00011f9c        0x0 f:/altera/13.0sp1/nios2eds/bin/gnu/h-i686-mingw32/bin/../lib/gcc/nios2-elf/4.1.2/mno-hw-mul\libgcc.a(_fixunsdfsi.o)
 .bss           0x00011f9c        0x0 f:/altera/13.0sp1/nios2eds/bin/gnu/h-i686-mingw32/bin/../lib/gcc/nios2-elf/4.1.2/mno-hw-mul\libgcc.a(_pack_sf.o)
 .bss           0x00011f9c        0x0 f:/altera/13.0sp1/nios2eds/bin/gnu/h-i686-mingw32/bin/../lib/gcc/nios2-elf/4.1.2/mno-hw-mul\libgcc.a(_unpack_sf.o)
 .bss           0x00011f9c        0x0 f:/altera/13.0sp1/nios2eds/bin/gnu/h-i686-mingw32/bin/../lib/gcc/nios2-elf/4.1.2/mno-hw-mul\libgcc.a(_fpcmp_parts_sf.o)
 .bss           0x00011f9c        0x0 f:/altera/13.0sp1/nios2eds/bin/gnu/h-i686-mingw32/bin/../lib/gcc/nios2-elf/4.1.2/mno-hw-mul\libgcc.a(_make_sf.o)
 .bss           0x00011f9c        0x0 f:/altera/13.0sp1/nios2eds/bin/gnu/h-i686-mingw32/bin/../lib/gcc/nios2-elf/4.1.2/mno-hw-mul\libgcc.a(_pack_df.o)
 .bss           0x00011f9c        0x0 f:/altera/13.0sp1/nios2eds/bin/gnu/h-i686-mingw32/bin/../lib/gcc/nios2-elf/4.1.2/mno-hw-mul\libgcc.a(_unpack_df.o)
 .bss           0x00011f9c        0x0 f:/altera/13.0sp1/nios2eds/bin/gnu/h-i686-mingw32/bin/../lib/gcc/nios2-elf/4.1.2/mno-hw-mul\libgcc.a(_fpcmp_parts_df.o)
 .bss           0x00011f9c        0x0 f:/altera/13.0sp1/nios2eds/bin/gnu/h-i686-mingw32/bin/../lib/gcc/nios2-elf/4.1.2/../../../../nios2-elf/lib/mno-hw-mul\libc.a(lib_a-errno.o)
 .bss           0x00011f9c        0x0 f:/altera/13.0sp1/nios2eds/bin/gnu/h-i686-mingw32/bin/../lib/gcc/nios2-elf/4.1.2/../../../../nios2-elf/lib/mno-hw-mul\libc.a(lib_a-impure.o)
 .bss           0x00011f9c        0x0 f:/altera/13.0sp1/nios2eds/bin/gnu/h-i686-mingw32/bin/../lib/gcc/nios2-elf/4.1.2/../../../../nios2-elf/lib/mno-hw-mul\libc.a(lib_a-strlen.o)
 .bss           0x00011f9c        0x0 ../SYSTEM_bsp/\libhal_bsp.a(alt_load.o)
 .bss           0x00011f9c        0x0 ../SYSTEM_bsp/\libhal_bsp.a(alt_main.o)
 .bss           0x00011f9c        0x0 ../SYSTEM_bsp/\libhal_bsp.a(alt_usleep.o)
 .bss           0x00011f9c        0x0 ../SYSTEM_bsp/\libhal_bsp.a(alt_sys_init.o)
 .bss           0x00011f9c        0x0 ../SYSTEM_bsp/\libhal_bsp.a(altera_avalon_jtag_uart_fd.o)
 .bss           0x00011f9c        0x0 ../SYSTEM_bsp/\libhal_bsp.a(altera_avalon_jtag_uart_init.o)
 .bss           0x00011f9c        0x0 ../SYSTEM_bsp/\libhal_bsp.a(altera_avalon_jtag_uart_ioctl.o)
 .bss           0x00011f9c        0x0 ../SYSTEM_bsp/\libhal_bsp.a(altera_avalon_jtag_uart_read.o)
 .bss           0x00011f9c        0x0 ../SYSTEM_bsp/\libhal_bsp.a(altera_avalon_jtag_uart_write.o)
 .bss           0x00011f9c        0x0 ../SYSTEM_bsp/\libhal_bsp.a(altera_avalon_lcd_16207.o)
 .bss           0x00011f9c        0x0 ../SYSTEM_bsp/\libhal_bsp.a(altera_avalon_lcd_16207_fd.o)
 .bss           0x00011f9c        0x0 ../SYSTEM_bsp/\libhal_bsp.a(alt_alarm_start.o)
 .bss           0x00011f9c        0x0 ../SYSTEM_bsp/\libhal_bsp.a(alt_busy_sleep.o)
 .bss           0x00011f9c        0x0 ../SYSTEM_bsp/\libhal_bsp.a(alt_close.o)
 .bss           0x00011f9c        0x0 ../SYSTEM_bsp/\libhal_bsp.a(alt_dcache_flush_all.o)
 .bss           0x00011f9c        0x0 ../SYSTEM_bsp/\libhal_bsp.a(alt_dev.o)
 .bss           0x00011f9c        0x0 ../SYSTEM_bsp/\libhal_bsp.a(alt_dev_llist_insert.o)
 .bss           0x00011f9c        0x0 ../SYSTEM_bsp/\libhal_bsp.a(alt_do_ctors.o)
 .bss           0x00011f9c        0x0 ../SYSTEM_bsp/\libhal_bsp.a(alt_do_dtors.o)
 .bss           0x00011f9c        0x0 ../SYSTEM_bsp/\libhal_bsp.a(alt_errno.o)
 .bss           0x00011f9c        0x0 ../SYSTEM_bsp/\libhal_bsp.a(alt_icache_flush_all.o)
 .bss           0x00011f9c        0x0 ../SYSTEM_bsp/\libhal_bsp.a(alt_iic.o)
 .bss           0x00011f9c        0x0 ../SYSTEM_bsp/\libhal_bsp.a(alt_iic_isr_register.o)
 .bss           0x00011f9c        0x0 ../SYSTEM_bsp/\libhal_bsp.a(alt_io_redirect.o)
 .bss           0x00011f9c        0x0 ../SYSTEM_bsp/\libhal_bsp.a(alt_irq_entry.o)
 .bss           0x00011f9c        0x0 ../SYSTEM_bsp/\libhal_bsp.a(alt_irq_handler.o)
 .bss           0x00011f9c        0x0 ../SYSTEM_bsp/\libhal_bsp.a(alt_irq_vars.o)
 .bss           0x00011f9c        0x0 ../SYSTEM_bsp/\libhal_bsp.a(alt_open.o)
 .bss           0x00011f9c        0x0 ../SYSTEM_bsp/\libhal_bsp.a(alt_release_fd.o)
 .bss           0x00011f9c        0x0 ../SYSTEM_bsp/\libhal_bsp.a(alt_tick.o)
 .bss           0x00011f9c        0x0 ../SYSTEM_bsp/\libhal_bsp.a(altera_nios2_qsys_irq.o)
 .bss           0x00011f9c        0x0 ../SYSTEM_bsp/\libhal_bsp.a(alt_exception_entry.o)
 .bss           0x00011f9c        0x0 ../SYSTEM_bsp/\libhal_bsp.a(alt_find_dev.o)
 .bss           0x00011f9c        0x0 ../SYSTEM_bsp/\libhal_bsp.a(alt_find_file.o)
 .bss           0x00011f9c        0x0 ../SYSTEM_bsp/\libhal_bsp.a(alt_get_fd.o)
 .bss           0x00011f9c        0x0 f:/altera/13.0sp1/nios2eds/bin/gnu/h-i686-mingw32/bin/../lib/gcc/nios2-elf/4.1.2/../../../../nios2-elf/lib/mno-hw-mul\libc.a(lib_a-atexit.o)
 .bss           0x00011f9c        0x0 f:/altera/13.0sp1/nios2eds/bin/gnu/h-i686-mingw32/bin/../lib/gcc/nios2-elf/4.1.2/../../../../nios2-elf/lib/mno-hw-mul\libc.a(lib_a-ctype_.o)
 .bss           0x00011f9c        0x0 f:/altera/13.0sp1/nios2eds/bin/gnu/h-i686-mingw32/bin/../lib/gcc/nios2-elf/4.1.2/../../../../nios2-elf/lib/mno-hw-mul\libc.a(lib_a-exit.o)
 .bss           0x00011f9c        0x0 f:/altera/13.0sp1/nios2eds/bin/gnu/h-i686-mingw32/bin/../lib/gcc/nios2-elf/4.1.2/../../../../nios2-elf/lib/mno-hw-mul\libc.a(lib_a-int_errno.o)
 .bss           0x00011f9c        0x0 f:/altera/13.0sp1/nios2eds/bin/gnu/h-i686-mingw32/bin/../lib/gcc/nios2-elf/4.1.2/../../../../nios2-elf/lib/mno-hw-mul\libc.a(lib_a-memcmp.o)
 .bss           0x00011f9c        0x0 f:/altera/13.0sp1/nios2eds/bin/gnu/h-i686-mingw32/bin/../lib/gcc/nios2-elf/4.1.2/../../../../nios2-elf/lib/mno-hw-mul\libc.a(lib_a-memcpy.o)
 .bss           0x00011f9c        0x0 f:/altera/13.0sp1/nios2eds/bin/gnu/h-i686-mingw32/bin/../lib/gcc/nios2-elf/4.1.2/../../../../nios2-elf/lib/mno-hw-mul\libc.a(lib_a-memset.o)
 .bss           0x00011f9c        0x0 f:/altera/13.0sp1/nios2eds/bin/gnu/h-i686-mingw32/bin/../lib/gcc/nios2-elf/4.1.2/../../../../nios2-elf/lib/mno-hw-mul\libc.a(lib_a-__atexit.o)
 .bss           0x00011f9c        0x0 f:/altera/13.0sp1/nios2eds/bin/gnu/h-i686-mingw32/bin/../lib/gcc/nios2-elf/4.1.2/../../../../nios2-elf/lib/mno-hw-mul\libc.a(lib_a-__call_atexit.o)
 .bss           0x00011f9c        0x0 ../SYSTEM_bsp/\libhal_bsp.a(alt_exit.o)
 *(COMMON)
 COMMON         0x00011f9c       0x50 obj/default/Source/RuntimeFunctions.o
                0x00011f9c                z
                0x00011fb0                counter
                0x00011fc4                d_2
                0x00011fd8                y
 COMMON         0x00011fec      0x100 ../SYSTEM_bsp/\libhal_bsp.a(alt_irq_handler.o)
                0x00011fec                alt_irq
 COMMON         0x000120ec      0x190 f:/altera/13.0sp1/nios2eds/bin/gnu/h-i686-mingw32/bin/../lib/gcc/nios2-elf/4.1.2/../../../../nios2-elf/lib/mno-hw-mul\libc.a(lib_a-atexit.o)
                0x000120ec                _atexit0
                0x0001227c                . = ALIGN (0x4)
                0x0001227c                __bss_end = ABSOLUTE (.)

.SSRAM          0x0001227c        0x0
                0x0001227c                PROVIDE (_alt_partition_SSRAM_start, ABSOLUTE (.))
 *(.SSRAM. SSRAM.*)
                0x0001227c                . = ALIGN (0x4)
                0x0001227c                PROVIDE (_alt_partition_SSRAM_end, ABSOLUTE (.))
                0x0001227c                _end = ABSOLUTE (.)
                0x0001227c                end = ABSOLUTE (.)
                0x0001227c                __alt_stack_base = ABSOLUTE (.)
                0x0001227c                PROVIDE (_alt_partition_SSRAM_load_addr, LOADADDR (.SSRAM))

.RAM            0x002001c4        0x0 load address 0x0001227c
                0x002001c4                PROVIDE (_alt_partition_RAM_start, ABSOLUTE (.))
 *(.RAM. RAM.*)
                0x002001c4                . = ALIGN (0x4)
                0x002001c4                PROVIDE (_alt_partition_RAM_end, ABSOLUTE (.))
                0x0001227c                PROVIDE (_alt_partition_RAM_load_addr, LOADADDR (.RAM))

.stab
 *(.stab)

.stabstr
 *(.stabstr)

.stab.excl
 *(.stab.excl)

.stab.exclstr
 *(.stab.exclstr)

.stab.index
 *(.stab.index)

.stab.indexstr
 *(.stab.indexstr)

.comment        0x00000000       0x26
 *(.comment)
 .comment       0x00000000       0x26 obj/default/Source/LCD.o
                                 0x27 (size before relaxing)
 .comment       0x00000000       0x27 obj/default/Source/RuntimeFunctions.o
 .comment       0x00000000       0x27 obj/default/Source/config.o
 .comment       0x00000000       0x27 obj/default/Source/main.o
 .comment       0x00000000       0x27 obj/default/Source/tests.o
 .comment       0x00000000       0x27 f:/altera/13.0sp1/nios2eds/bin/gnu/h-i686-mingw32/bin/../lib/gcc/nios2-elf/4.1.2/../../../../nios2-elf/lib/mno-hw-mul\libm.a(lib_a-s_floor.o)
 .comment       0x00000000       0x27 f:/altera/13.0sp1/nios2eds/bin/gnu/h-i686-mingw32/bin/../lib/gcc/nios2-elf/4.1.2/../../../../nios2-elf/lib/mno-hw-mul\libm.a(lib_a-s_sin.o)
 .comment       0x00000000       0x27 f:/altera/13.0sp1/nios2eds/bin/gnu/h-i686-mingw32/bin/../lib/gcc/nios2-elf/4.1.2/../../../../nios2-elf/lib/mno-hw-mul\libm.a(lib_a-w_acos.o)
 .comment       0x00000000       0x27 f:/altera/13.0sp1/nios2eds/bin/gnu/h-i686-mingw32/bin/../lib/gcc/nios2-elf/4.1.2/../../../../nios2-elf/lib/mno-hw-mul\libm.a(lib_a-w_asin.o)
 .comment       0x00000000       0x27 f:/altera/13.0sp1/nios2eds/bin/gnu/h-i686-mingw32/bin/../lib/gcc/nios2-elf/4.1.2/../../../../nios2-elf/lib/mno-hw-mul\libm.a(lib_a-w_sqrt.o)
 .comment       0x00000000       0x27 f:/altera/13.0sp1/nios2eds/bin/gnu/h-i686-mingw32/bin/../lib/gcc/nios2-elf/4.1.2/../../../../nios2-elf/lib/mno-hw-mul\libm.a(lib_a-e_acos.o)
 .comment       0x00000000       0x27 f:/altera/13.0sp1/nios2eds/bin/gnu/h-i686-mingw32/bin/../lib/gcc/nios2-elf/4.1.2/../../../../nios2-elf/lib/mno-hw-mul\libm.a(lib_a-e_asin.o)
 .comment       0x00000000       0x27 f:/altera/13.0sp1/nios2eds/bin/gnu/h-i686-mingw32/bin/../lib/gcc/nios2-elf/4.1.2/../../../../nios2-elf/lib/mno-hw-mul\libm.a(lib_a-e_rem_pio2.o)
 .comment       0x00000000       0x27 f:/altera/13.0sp1/nios2eds/bin/gnu/h-i686-mingw32/bin/../lib/gcc/nios2-elf/4.1.2/../../../../nios2-elf/lib/mno-hw-mul\libm.a(lib_a-e_sqrt.o)
 .comment       0x00000000       0x27 f:/altera/13.0sp1/nios2eds/bin/gnu/h-i686-mingw32/bin/../lib/gcc/nios2-elf/4.1.2/../../../../nios2-elf/lib/mno-hw-mul\libm.a(lib_a-k_cos.o)
 .comment       0x00000000       0x27 f:/altera/13.0sp1/nios2eds/bin/gnu/h-i686-mingw32/bin/../lib/gcc/nios2-elf/4.1.2/../../../../nios2-elf/lib/mno-hw-mul\libm.a(lib_a-k_rem_pio2.o)
 .comment       0x00000000       0x27 f:/altera/13.0sp1/nios2eds/bin/gnu/h-i686-mingw32/bin/../lib/gcc/nios2-elf/4.1.2/../../../../nios2-elf/lib/mno-hw-mul\libm.a(lib_a-k_sin.o)
 .comment       0x00000000       0x27 f:/altera/13.0sp1/nios2eds/bin/gnu/h-i686-mingw32/bin/../lib/gcc/nios2-elf/4.1.2/../../../../nios2-elf/lib/mno-hw-mul\libm.a(lib_a-s_fabs.o)
 .comment       0x00000000       0x27 f:/altera/13.0sp1/nios2eds/bin/gnu/h-i686-mingw32/bin/../lib/gcc/nios2-elf/4.1.2/../../../../nios2-elf/lib/mno-hw-mul\libm.a(lib_a-s_isnand.o)
 .comment       0x00000000       0x27 f:/altera/13.0sp1/nios2eds/bin/gnu/h-i686-mingw32/bin/../lib/gcc/nios2-elf/4.1.2/../../../../nios2-elf/lib/mno-hw-mul\libm.a(lib_a-s_lib_ver.o)
 .comment       0x00000000       0x27 f:/altera/13.0sp1/nios2eds/bin/gnu/h-i686-mingw32/bin/../lib/gcc/nios2-elf/4.1.2/../../../../nios2-elf/lib/mno-hw-mul\libm.a(lib_a-s_matherr.o)
 .comment       0x00000000       0x27 f:/altera/13.0sp1/nios2eds/bin/gnu/h-i686-mingw32/bin/../lib/gcc/nios2-elf/4.1.2/../../../../nios2-elf/lib/mno-hw-mul\libm.a(lib_a-s_nan.o)
 .comment       0x00000000       0x27 f:/altera/13.0sp1/nios2eds/bin/gnu/h-i686-mingw32/bin/../lib/gcc/nios2-elf/4.1.2/../../../../nios2-elf/lib/mno-hw-mul\libm.a(lib_a-s_scalbn.o)
 .comment       0x00000000       0x27 f:/altera/13.0sp1/nios2eds/bin/gnu/h-i686-mingw32/bin/../lib/gcc/nios2-elf/4.1.2/../../../../nios2-elf/lib/mno-hw-mul\libm.a(lib_a-s_copysign.o)
 .comment       0x00000000       0x27 f:/altera/13.0sp1/nios2eds/bin/gnu/h-i686-mingw32/bin/../lib/gcc/nios2-elf/4.1.2/mno-hw-mul\libgcc.a(_muldi3.o)
 .comment       0x00000000       0x27 f:/altera/13.0sp1/nios2eds/bin/gnu/h-i686-mingw32/bin/../lib/gcc/nios2-elf/4.1.2/mno-hw-mul\libgcc.a(_fixsfdi.o)
 .comment       0x00000000       0x27 f:/altera/13.0sp1/nios2eds/bin/gnu/h-i686-mingw32/bin/../lib/gcc/nios2-elf/4.1.2/mno-hw-mul\libgcc.a(_fixunssfdi.o)
 .comment       0x00000000       0x27 f:/altera/13.0sp1/nios2eds/bin/gnu/h-i686-mingw32/bin/../lib/gcc/nios2-elf/4.1.2/mno-hw-mul\libgcc.a(_floatdisf.o)
 .comment       0x00000000       0x27 f:/altera/13.0sp1/nios2eds/bin/gnu/h-i686-mingw32/bin/../lib/gcc/nios2-elf/4.1.2/mno-hw-mul\libgcc.a(_floatundisf.o)
 .comment       0x00000000       0x27 f:/altera/13.0sp1/nios2eds/bin/gnu/h-i686-mingw32/bin/../lib/gcc/nios2-elf/4.1.2/mno-hw-mul\libgcc.a(_floatundidf.o)
 .comment       0x00000000       0x27 f:/altera/13.0sp1/nios2eds/bin/gnu/h-i686-mingw32/bin/../lib/gcc/nios2-elf/4.1.2/mno-hw-mul\libgcc.a(_divdi3.o)
 .comment       0x00000000       0x27 f:/altera/13.0sp1/nios2eds/bin/gnu/h-i686-mingw32/bin/../lib/gcc/nios2-elf/4.1.2/mno-hw-mul\libgcc.a(_udivdi3.o)
 .comment       0x00000000       0x27 f:/altera/13.0sp1/nios2eds/bin/gnu/h-i686-mingw32/bin/../lib/gcc/nios2-elf/4.1.2/mno-hw-mul\libgcc.a(_addsub_sf.o)
 .comment       0x00000000       0x27 f:/altera/13.0sp1/nios2eds/bin/gnu/h-i686-mingw32/bin/../lib/gcc/nios2-elf/4.1.2/mno-hw-mul\libgcc.a(_mul_sf.o)
 .comment       0x00000000       0x27 f:/altera/13.0sp1/nios2eds/bin/gnu/h-i686-mingw32/bin/../lib/gcc/nios2-elf/4.1.2/mno-hw-mul\libgcc.a(_div_sf.o)
 .comment       0x00000000       0x27 f:/altera/13.0sp1/nios2eds/bin/gnu/h-i686-mingw32/bin/../lib/gcc/nios2-elf/4.1.2/mno-hw-mul\libgcc.a(_eq_sf.o)
 .comment       0x00000000       0x27 f:/altera/13.0sp1/nios2eds/bin/gnu/h-i686-mingw32/bin/../lib/gcc/nios2-elf/4.1.2/mno-hw-mul\libgcc.a(_gt_sf.o)
 .comment       0x00000000       0x27 f:/altera/13.0sp1/nios2eds/bin/gnu/h-i686-mingw32/bin/../lib/gcc/nios2-elf/4.1.2/mno-hw-mul\libgcc.a(_lt_sf.o)
 .comment       0x00000000       0x27 f:/altera/13.0sp1/nios2eds/bin/gnu/h-i686-mingw32/bin/../lib/gcc/nios2-elf/4.1.2/mno-hw-mul\libgcc.a(_si_to_sf.o)
 .comment       0x00000000       0x27 f:/altera/13.0sp1/nios2eds/bin/gnu/h-i686-mingw32/bin/../lib/gcc/nios2-elf/4.1.2/mno-hw-mul\libgcc.a(_sf_to_df.o)
 .comment       0x00000000       0x27 f:/altera/13.0sp1/nios2eds/bin/gnu/h-i686-mingw32/bin/../lib/gcc/nios2-elf/4.1.2/mno-hw-mul\libgcc.a(_thenan_sf.o)
 .comment       0x00000000       0x27 f:/altera/13.0sp1/nios2eds/bin/gnu/h-i686-mingw32/bin/../lib/gcc/nios2-elf/4.1.2/mno-hw-mul\libgcc.a(_addsub_df.o)
 .comment       0x00000000       0x27 f:/altera/13.0sp1/nios2eds/bin/gnu/h-i686-mingw32/bin/../lib/gcc/nios2-elf/4.1.2/mno-hw-mul\libgcc.a(_mul_df.o)
 .comment       0x00000000       0x27 f:/altera/13.0sp1/nios2eds/bin/gnu/h-i686-mingw32/bin/../lib/gcc/nios2-elf/4.1.2/mno-hw-mul\libgcc.a(_div_df.o)
 .comment       0x00000000       0x27 f:/altera/13.0sp1/nios2eds/bin/gnu/h-i686-mingw32/bin/../lib/gcc/nios2-elf/4.1.2/mno-hw-mul\libgcc.a(_eq_df.o)
 .comment       0x00000000       0x27 f:/altera/13.0sp1/nios2eds/bin/gnu/h-i686-mingw32/bin/../lib/gcc/nios2-elf/4.1.2/mno-hw-mul\libgcc.a(_gt_df.o)
 .comment       0x00000000       0x27 f:/altera/13.0sp1/nios2eds/bin/gnu/h-i686-mingw32/bin/../lib/gcc/nios2-elf/4.1.2/mno-hw-mul\libgcc.a(_ge_df.o)
 .comment       0x00000000       0x27 f:/altera/13.0sp1/nios2eds/bin/gnu/h-i686-mingw32/bin/../lib/gcc/nios2-elf/4.1.2/mno-hw-mul\libgcc.a(_lt_df.o)
 .comment       0x00000000       0x27 f:/altera/13.0sp1/nios2eds/bin/gnu/h-i686-mingw32/bin/../lib/gcc/nios2-elf/4.1.2/mno-hw-mul\libgcc.a(_si_to_df.o)
 .comment       0x00000000       0x27 f:/altera/13.0sp1/nios2eds/bin/gnu/h-i686-mingw32/bin/../lib/gcc/nios2-elf/4.1.2/mno-hw-mul\libgcc.a(_df_to_si.o)
 .comment       0x00000000       0x27 f:/altera/13.0sp1/nios2eds/bin/gnu/h-i686-mingw32/bin/../lib/gcc/nios2-elf/4.1.2/mno-hw-mul\libgcc.a(_make_df.o)
 .comment       0x00000000       0x27 f:/altera/13.0sp1/nios2eds/bin/gnu/h-i686-mingw32/bin/../lib/gcc/nios2-elf/4.1.2/mno-hw-mul\libgcc.a(_df_to_sf.o)
 .comment       0x00000000       0x27 f:/altera/13.0sp1/nios2eds/bin/gnu/h-i686-mingw32/bin/../lib/gcc/nios2-elf/4.1.2/mno-hw-mul\libgcc.a(_thenan_df.o)
 .comment       0x00000000       0x27 f:/altera/13.0sp1/nios2eds/bin/gnu/h-i686-mingw32/bin/../lib/gcc/nios2-elf/4.1.2/mno-hw-mul\libgcc.a(_usi_to_df.o)
 .comment       0x00000000       0x27 f:/altera/13.0sp1/nios2eds/bin/gnu/h-i686-mingw32/bin/../lib/gcc/nios2-elf/4.1.2/mno-hw-mul\libgcc.a(lib2-divmod.o)
 .comment       0x00000000       0x27 f:/altera/13.0sp1/nios2eds/bin/gnu/h-i686-mingw32/bin/../lib/gcc/nios2-elf/4.1.2/mno-hw-mul\libgcc.a(lib2-mul.o)
 .comment       0x00000000       0x27 f:/altera/13.0sp1/nios2eds/bin/gnu/h-i686-mingw32/bin/../lib/gcc/nios2-elf/4.1.2/mno-hw-mul\libgcc.a(_clz.o)
 .comment       0x00000000       0x27 f:/altera/13.0sp1/nios2eds/bin/gnu/h-i686-mingw32/bin/../lib/gcc/nios2-elf/4.1.2/mno-hw-mul\libgcc.a(_clzsi2.o)
 .comment       0x00000000       0x27 f:/altera/13.0sp1/nios2eds/bin/gnu/h-i686-mingw32/bin/../lib/gcc/nios2-elf/4.1.2/mno-hw-mul\libgcc.a(_fixunsdfsi.o)
 .comment       0x00000000       0x27 f:/altera/13.0sp1/nios2eds/bin/gnu/h-i686-mingw32/bin/../lib/gcc/nios2-elf/4.1.2/mno-hw-mul\libgcc.a(_pack_sf.o)
 .comment       0x00000000       0x27 f:/altera/13.0sp1/nios2eds/bin/gnu/h-i686-mingw32/bin/../lib/gcc/nios2-elf/4.1.2/mno-hw-mul\libgcc.a(_unpack_sf.o)
 .comment       0x00000000       0x27 f:/altera/13.0sp1/nios2eds/bin/gnu/h-i686-mingw32/bin/../lib/gcc/nios2-elf/4.1.2/mno-hw-mul\libgcc.a(_fpcmp_parts_sf.o)
 .comment       0x00000000       0x27 f:/altera/13.0sp1/nios2eds/bin/gnu/h-i686-mingw32/bin/../lib/gcc/nios2-elf/4.1.2/mno-hw-mul\libgcc.a(_make_sf.o)
 .comment       0x00000000       0x27 f:/altera/13.0sp1/nios2eds/bin/gnu/h-i686-mingw32/bin/../lib/gcc/nios2-elf/4.1.2/mno-hw-mul\libgcc.a(_pack_df.o)
 .comment       0x00000000       0x27 f:/altera/13.0sp1/nios2eds/bin/gnu/h-i686-mingw32/bin/../lib/gcc/nios2-elf/4.1.2/mno-hw-mul\libgcc.a(_unpack_df.o)
 .comment       0x00000000       0x27 f:/altera/13.0sp1/nios2eds/bin/gnu/h-i686-mingw32/bin/../lib/gcc/nios2-elf/4.1.2/mno-hw-mul\libgcc.a(_fpcmp_parts_df.o)
 .comment       0x00000000       0x27 f:/altera/13.0sp1/nios2eds/bin/gnu/h-i686-mingw32/bin/../lib/gcc/nios2-elf/4.1.2/../../../../nios2-elf/lib/mno-hw-mul\libc.a(lib_a-errno.o)
 .comment       0x00000000       0x27 f:/altera/13.0sp1/nios2eds/bin/gnu/h-i686-mingw32/bin/../lib/gcc/nios2-elf/4.1.2/../../../../nios2-elf/lib/mno-hw-mul\libc.a(lib_a-impure.o)
 .comment       0x00000000       0x27 f:/altera/13.0sp1/nios2eds/bin/gnu/h-i686-mingw32/bin/../lib/gcc/nios2-elf/4.1.2/../../../../nios2-elf/lib/mno-hw-mul\libc.a(lib_a-strlen.o)
 .comment       0x00000000       0x27 ../SYSTEM_bsp/\libhal_bsp.a(alt_load.o)
 .comment       0x00000000       0x27 ../SYSTEM_bsp/\libhal_bsp.a(alt_main.o)
 .comment       0x00000000       0x27 ../SYSTEM_bsp/\libhal_bsp.a(alt_usleep.o)
 .comment       0x00000000       0x27 ../SYSTEM_bsp/\libhal_bsp.a(alt_sys_init.o)
 .comment       0x00000000       0x27 ../SYSTEM_bsp/\libhal_bsp.a(altera_avalon_jtag_uart_fd.o)
 .comment       0x00000000       0x27 ../SYSTEM_bsp/\libhal_bsp.a(altera_avalon_jtag_uart_init.o)
 .comment       0x00000000       0x27 ../SYSTEM_bsp/\libhal_bsp.a(altera_avalon_jtag_uart_ioctl.o)
 .comment       0x00000000       0x27 ../SYSTEM_bsp/\libhal_bsp.a(altera_avalon_jtag_uart_read.o)
 .comment       0x00000000       0x27 ../SYSTEM_bsp/\libhal_bsp.a(altera_avalon_jtag_uart_write.o)
 .comment       0x00000000       0x27 ../SYSTEM_bsp/\libhal_bsp.a(altera_avalon_lcd_16207.o)
 .comment       0x00000000       0x27 ../SYSTEM_bsp/\libhal_bsp.a(altera_avalon_lcd_16207_fd.o)
 .comment       0x00000000       0x27 ../SYSTEM_bsp/\libhal_bsp.a(alt_alarm_start.o)
 .comment       0x00000000       0x27 ../SYSTEM_bsp/\libhal_bsp.a(alt_busy_sleep.o)
 .comment       0x00000000       0x27 ../SYSTEM_bsp/\libhal_bsp.a(alt_close.o)
 .comment       0x00000000       0x27 ../SYSTEM_bsp/\libhal_bsp.a(alt_dcache_flush_all.o)
 .comment       0x00000000       0x27 ../SYSTEM_bsp/\libhal_bsp.a(alt_dev.o)
 .comment       0x00000000       0x27 ../SYSTEM_bsp/\libhal_bsp.a(alt_dev_llist_insert.o)
 .comment       0x00000000       0x27 ../SYSTEM_bsp/\libhal_bsp.a(alt_do_ctors.o)
 .comment       0x00000000       0x27 ../SYSTEM_bsp/\libhal_bsp.a(alt_do_dtors.o)
 .comment       0x00000000       0x27 ../SYSTEM_bsp/\libhal_bsp.a(alt_errno.o)
 .comment       0x00000000       0x27 ../SYSTEM_bsp/\libhal_bsp.a(alt_icache_flush_all.o)
 .comment       0x00000000       0x27 ../SYSTEM_bsp/\libhal_bsp.a(alt_iic.o)
 .comment       0x00000000       0x27 ../SYSTEM_bsp/\libhal_bsp.a(alt_iic_isr_register.o)
 .comment       0x00000000       0x27 ../SYSTEM_bsp/\libhal_bsp.a(alt_io_redirect.o)
 .comment       0x00000000       0x27 ../SYSTEM_bsp/\libhal_bsp.a(alt_irq_handler.o)
 .comment       0x00000000       0x27 ../SYSTEM_bsp/\libhal_bsp.a(alt_irq_vars.o)
 .comment       0x00000000       0x27 ../SYSTEM_bsp/\libhal_bsp.a(alt_open.o)
 .comment       0x00000000       0x27 ../SYSTEM_bsp/\libhal_bsp.a(alt_release_fd.o)
 .comment       0x00000000       0x27 ../SYSTEM_bsp/\libhal_bsp.a(alt_tick.o)
 .comment       0x00000000       0x27 ../SYSTEM_bsp/\libhal_bsp.a(altera_nios2_qsys_irq.o)
 .comment       0x00000000       0x27 ../SYSTEM_bsp/\libhal_bsp.a(alt_find_dev.o)
 .comment       0x00000000       0x27 ../SYSTEM_bsp/\libhal_bsp.a(alt_find_file.o)
 .comment       0x00000000       0x27 ../SYSTEM_bsp/\libhal_bsp.a(alt_get_fd.o)
 .comment       0x00000000       0x27 f:/altera/13.0sp1/nios2eds/bin/gnu/h-i686-mingw32/bin/../lib/gcc/nios2-elf/4.1.2/../../../../nios2-elf/lib/mno-hw-mul\libc.a(lib_a-atexit.o)
 .comment       0x00000000       0x27 f:/altera/13.0sp1/nios2eds/bin/gnu/h-i686-mingw32/bin/../lib/gcc/nios2-elf/4.1.2/../../../../nios2-elf/lib/mno-hw-mul\libc.a(lib_a-ctype_.o)
 .comment       0x00000000       0x27 f:/altera/13.0sp1/nios2eds/bin/gnu/h-i686-mingw32/bin/../lib/gcc/nios2-elf/4.1.2/../../../../nios2-elf/lib/mno-hw-mul\libc.a(lib_a-exit.o)
 .comment       0x00000000       0x27 f:/altera/13.0sp1/nios2eds/bin/gnu/h-i686-mingw32/bin/../lib/gcc/nios2-elf/4.1.2/../../../../nios2-elf/lib/mno-hw-mul\libc.a(lib_a-int_errno.o)
 .comment       0x00000000       0x27 f:/altera/13.0sp1/nios2eds/bin/gnu/h-i686-mingw32/bin/../lib/gcc/nios2-elf/4.1.2/../../../../nios2-elf/lib/mno-hw-mul\libc.a(lib_a-memcmp.o)
 .comment       0x00000000       0x27 f:/altera/13.0sp1/nios2eds/bin/gnu/h-i686-mingw32/bin/../lib/gcc/nios2-elf/4.1.2/../../../../nios2-elf/lib/mno-hw-mul\libc.a(lib_a-memcpy.o)
 .comment       0x00000000       0x27 f:/altera/13.0sp1/nios2eds/bin/gnu/h-i686-mingw32/bin/../lib/gcc/nios2-elf/4.1.2/../../../../nios2-elf/lib/mno-hw-mul\libc.a(lib_a-memset.o)
 .comment       0x00000000       0x27 f:/altera/13.0sp1/nios2eds/bin/gnu/h-i686-mingw32/bin/../lib/gcc/nios2-elf/4.1.2/../../../../nios2-elf/lib/mno-hw-mul\libc.a(lib_a-__atexit.o)
 .comment       0x00000000       0x27 f:/altera/13.0sp1/nios2eds/bin/gnu/h-i686-mingw32/bin/../lib/gcc/nios2-elf/4.1.2/../../../../nios2-elf/lib/mno-hw-mul\libc.a(lib_a-__call_atexit.o)
 .comment       0x00000000       0x27 ../SYSTEM_bsp/\libhal_bsp.a(alt_exit.o)

.debug
 *(.debug)

.line
 *(.line)

.debug_srcinfo
 *(.debug_srcinfo)

.debug_sfnames
 *(.debug_sfnames)

.debug_aranges  0x00000000      0xd58
 *(.debug_aranges)
 .debug_aranges
                0x00000000       0x28 ../SYSTEM_bsp//obj/HAL/src/crt0.o
 .debug_aranges
                0x00000028       0x20 obj/default/Source/LCD.o
 .debug_aranges
                0x00000048       0x20 obj/default/Source/RuntimeFunctions.o
 .debug_aranges
                0x00000068       0x20 obj/default/Source/config.o
 .debug_aranges
                0x00000088       0x20 obj/default/Source/main.o
 .debug_aranges
                0x000000a8       0x20 f:/altera/13.0sp1/nios2eds/bin/gnu/h-i686-mingw32/bin/../lib/gcc/nios2-elf/4.1.2/../../../../nios2-elf/lib/mno-hw-mul\libm.a(lib_a-s_floor.o)
 .debug_aranges
                0x000000c8       0x20 f:/altera/13.0sp1/nios2eds/bin/gnu/h-i686-mingw32/bin/../lib/gcc/nios2-elf/4.1.2/../../../../nios2-elf/lib/mno-hw-mul\libm.a(lib_a-s_sin.o)
 .debug_aranges
                0x000000e8       0x20 f:/altera/13.0sp1/nios2eds/bin/gnu/h-i686-mingw32/bin/../lib/gcc/nios2-elf/4.1.2/../../../../nios2-elf/lib/mno-hw-mul\libm.a(lib_a-w_acos.o)
 .debug_aranges
                0x00000108       0x20 f:/altera/13.0sp1/nios2eds/bin/gnu/h-i686-mingw32/bin/../lib/gcc/nios2-elf/4.1.2/../../../../nios2-elf/lib/mno-hw-mul\libm.a(lib_a-w_asin.o)
 .debug_aranges
                0x00000128       0x20 f:/altera/13.0sp1/nios2eds/bin/gnu/h-i686-mingw32/bin/../lib/gcc/nios2-elf/4.1.2/../../../../nios2-elf/lib/mno-hw-mul\libm.a(lib_a-w_sqrt.o)
 .debug_aranges
                0x00000148       0x20 f:/altera/13.0sp1/nios2eds/bin/gnu/h-i686-mingw32/bin/../lib/gcc/nios2-elf/4.1.2/../../../../nios2-elf/lib/mno-hw-mul\libm.a(lib_a-e_acos.o)
 .debug_aranges
                0x00000168       0x20 f:/altera/13.0sp1/nios2eds/bin/gnu/h-i686-mingw32/bin/../lib/gcc/nios2-elf/4.1.2/../../../../nios2-elf/lib/mno-hw-mul\libm.a(lib_a-e_asin.o)
 .debug_aranges
                0x00000188       0x20 f:/altera/13.0sp1/nios2eds/bin/gnu/h-i686-mingw32/bin/../lib/gcc/nios2-elf/4.1.2/../../../../nios2-elf/lib/mno-hw-mul\libm.a(lib_a-e_rem_pio2.o)
 .debug_aranges
                0x000001a8       0x20 f:/altera/13.0sp1/nios2eds/bin/gnu/h-i686-mingw32/bin/../lib/gcc/nios2-elf/4.1.2/../../../../nios2-elf/lib/mno-hw-mul\libm.a(lib_a-e_sqrt.o)
 .debug_aranges
                0x000001c8       0x20 f:/altera/13.0sp1/nios2eds/bin/gnu/h-i686-mingw32/bin/../lib/gcc/nios2-elf/4.1.2/../../../../nios2-elf/lib/mno-hw-mul\libm.a(lib_a-k_cos.o)
 .debug_aranges
                0x000001e8       0x20 f:/altera/13.0sp1/nios2eds/bin/gnu/h-i686-mingw32/bin/../lib/gcc/nios2-elf/4.1.2/../../../../nios2-elf/lib/mno-hw-mul\libm.a(lib_a-k_rem_pio2.o)
 .debug_aranges
                0x00000208       0x20 f:/altera/13.0sp1/nios2eds/bin/gnu/h-i686-mingw32/bin/../lib/gcc/nios2-elf/4.1.2/../../../../nios2-elf/lib/mno-hw-mul\libm.a(lib_a-k_sin.o)
 .debug_aranges
                0x00000228       0x20 f:/altera/13.0sp1/nios2eds/bin/gnu/h-i686-mingw32/bin/../lib/gcc/nios2-elf/4.1.2/../../../../nios2-elf/lib/mno-hw-mul\libm.a(lib_a-s_fabs.o)
 .debug_aranges